BL51 BANKED LINKER/LOCATER V6.00                                                        08/08/2008  18:32:02  PAGE 1


BL51 BANKED LINKER/LOCATER V6.00, INVOKED BY:
C:\KEIL\C51\BIN\BL51.EXE STARTUP.obj, 控制系统.obj TO 控制系统 RAMSIZE (256)


MEMORY MODEL: SMALL


INPUT MODULES INCLUDED:
  STARTUP.obj (?C_STARTUP)
  控制系统.obj (縚制系统)
  C:\KEIL\C51\LIB\C51S.LIB (?C_INIT)
  C:\KEIL\C51\LIB\C51S.LIB (?C?COPY)
  C:\KEIL\C51\LIB\C51S.LIB (?C?CLDPTR)
  C:\KEIL\C51\LIB\C51S.LIB (?C?LADD)
  C:\KEIL\C51\LIB\C51S.LIB (?C?LMUL)
  C:\KEIL\C51\LIB\C51S.LIB (?C?ULDIV)
  C:\KEIL\C51\LIB\C51S.LIB (?C?ULCMP)
  C:\KEIL\C51\LIB\C51S.LIB (?C?OFFXADD)
  C:\KEIL\C51\LIB\C51S.LIB (?C?PLDIIDATA)


LINK MAP OF MODULE:  控制系统 (?C_STARTUP)


            TYPE    BASE      LENGTH    RELOCATION   SEGMENT NAME
            -----------------------------------------------------

            * * * * * * *   D A T A   M E M O R Y   * * * * * * *
            REG     0000H     0008H     ABSOLUTE     "REG BANK 0"
            REG     0008H     0008H     ABSOLUTE     "REG BANK 1"
            REG     0010H     0008H     ABSOLUTE     "REG BANK 2"
                    0018H     0008H                  *** GAP ***
            DATA    0020H     0005H     BIT_ADDR     ?BA?縚制系统
            DATA    0025H     0017H     UNIT         _DATA_GROUP_
            IDATA   003CH     003AH     UNIT         ?ID?縚制系统
            IDATA   0076H     0001H     UNIT         ?STACK

            * * * * * * *   C O D E   M E M O R Y   * * * * * * *
            CODE    0000H     0003H     ABSOLUTE     
            CODE    0003H     0007H     INBLOCK      ?PR?_DELAY_B20?縚制系统
                    000AH     0001H                  *** GAP ***
            CODE    000BH     0003H     ABSOLUTE     
            CODE    000EH     000BH     INBLOCK      ?PR?_DELAY?縚制系统
                    0019H     0002H                  *** GAP ***
            CODE    001BH     0003H     ABSOLUTE     
            CODE    001EH     0FE4H     UNIT         ?CO?縚制系统
            CODE    1002H     04F8H     INBLOCK      ?PR?縚制系统
            CODE    14FAH     02EAH     INBLOCK      ?PR?TEMP_FUNC_SET?縚制系统
            CODE    17E4H     001AH     INBLOCK      ?PR?TIME_INIT?縚制系统
                    17FEH     0002H                  *** GAP ***
            CODE    1800H     02E0H     INBLOCK      ?PR?PASSW_FUNC?縚制系统
            CODE    1AE0H     02D7H     INBLOCK      ?PR?SUBTRACTION?縚制系统
            CODE    1DB7H     0247H     INBLOCK      ?PR?INPUT_DATA?縚制系统
                    1FFEH     0002H                  *** GAP ***
            CODE    2000H     027EH     INBLOCK      ?PR?NBA_TIMER?縚制系统
            CODE    227EH     0266H     UNIT         ?C?LIB_CODE
            CODE    24E4H     0236H     INBLOCK      ?PR?DIVIDER?縚制系统
            CODE    271AH     00DEH     INBLOCK      ?PR?INPUT_SECOND_PASSWORK?縚制系统
BL51 BANKED LINKER/LOCATER V6.00                                                      08/08/2008  18:32:02  PAGE 2


            CODE    27F8H     0006H     INBLOCK      ?PR?INIT_DS1302?縚制系统
                    27FEH     0002H                  *** GAP ***
            CODE    2800H     0228H     INBLOCK      ?PR?ALARM_FUNC?縚制系统
            CODE    2A28H     021EH     INBLOCK      ?PR?KEYPAD_SCAN?縚制系统
            CODE    2C46H     0209H     INBLOCK      ?PR?MULTIPLICATION?縚制系统
            CODE    2E4FH     0193H     INBLOCK      ?PR?SET_FUNC?縚制系统
            CODE    2FE2H     001EH     INBLOCK      ?PR?_MONTHDAY?縚制系统
            CODE    3000H     01F0H     INBLOCK      ?PR?CALCULATOR?縚制系统
            CODE    31F0H     01D9H     INBLOCK      ?PR?NBA_SET?縚制系统
            CODE    33C9H     01C6H     INBLOCK      ?PR?ADJUST_FUNC?縚制系统
            CODE    358FH     0168H     INBLOCK      ?PR?TEMP_FUNC_DIS?縚制系统
            CODE    36F7H     00F7H     INBLOCK      ?PR?VERSION_FUNC?縚制系统
            CODE    37EEH     0012H     INBLOCK      ?PR?INIT_LCD?縚制系统
            CODE    3800H     0165H     INBLOCK      ?PR?_SET_DIS?縚制系统
            CODE    3965H     0161H     INBLOCK      ?PR?ADDER?縚制系统
            CODE    3AC6H     0161H     INBLOCK      ?PR?MAIN?縚制系统
            CODE    3C27H     0120H     INBLOCK      ?PR?DIS_MENU?縚制系统
            CODE    3D47H     00F1H     INBLOCK      ?PR?NBA_OTH_DIS?縚制系统
            CODE    3E38H     00EAH     INBLOCK      ?PR?DIS_MODE3?縚制系统
            CODE    3F22H     00D6H     INBLOCK      ?PR?_DIS_CDATA?縚制系统
                    3FF8H     0008H                  *** GAP ***
            CODE    4000H     00C6H     INBLOCK      ?PR?CONVERSION_T?縚制系统
            CODE    40C6H     00BAH     INBLOCK      ?PR?DIS_TEMP_MODE1?縚制系统
            CODE    4180H     00ADH     INBLOCK      ?PR?_ANTI_NOR_PIC?縚制系统
            CODE    422DH     00ADH     INBLOCK      ?PR?TOOL_FUNC?縚制系统
            CODE    42DAH     009DH     INBLOCK      ?PR?DIS_TITLE?縚制系统
            CODE    4377H     0096H     INBLOCK      ?PR?DIS_TIME_MODE2?縚制系统
            CODE    440DH     008CH     UNIT         ?C_C51STARTUP
            CODE    4499H     0082H     INBLOCK      ?PR?_REMOVAL_DATA?縚制系统
            CODE    451BH     007BH     INBLOCK      ?PR?DIS_DATE_MODE1?縚制系统
            CODE    4596H     0073H     INBLOCK      ?PR?_DIS_DATE_MODE2?縚制系统
            CODE    4609H     0070H     INBLOCK      ?PR?TIME0_ISR?縚制系统
            CODE    4679H     006BH     INBLOCK      ?PR?NBA_DIS_TIME?縚制系统
            CODE    46E4H     006BH     INBLOCK      ?PR?WEEKS_DAY?縚制系统
            CODE    474FH     0067H     INBLOCK      ?PR?INPUT_PASSWORK?縚制系统
            CODE    47B6H     004AH     INBLOCK      ?PR?_NUM2_ASC_DIS?縚制系统
            CODE    4800H     0052H     INBLOCK      ?PR?MODE1_2_UNION?縚制系统
            CODE    4852H     004FH     INBLOCK      ?PR?GOTKEY?縚制系统
            CODE    48A1H     004EH     INBLOCK      ?PR?ASJUST_TIME?縚制系统
            CODE    48EFH     004BH     INBLOCK      ?PR?_DIS_RUN_STATE?縚制系统
            CODE    493AH     0049H     INBLOCK      ?PR?DIS_TITLE_E?縚制系统
            CODE    4983H     0043H     INBLOCK      ?PR?INIT_WDS1302_RAM?縚制系统
            CODE    49C6H     0043H     INBLOCK      ?PR?SAVE_Y_OR_N?縚制系统
            CODE    4A09H     0041H     INBLOCK      ?PR?_DIS_MENU_KEY?縚制系统
            CODE    4A4AH     003EH     INBLOCK      ?PR?WDS1302_TIME_DATE?縚制系统
            CODE    4A88H     003EH     INBLOCK      ?PR?DIS_TIME_MODE1?縚制系统
            CODE    4AC6H     003DH     INBLOCK      ?PR?PASSWORK_COMP?縚制系统
            CODE    4B03H     003BH     INBLOCK      ?PR?_CON_DISP?縚制系统
            CODE    4B3EH     0035H     INBLOCK      ?PR?_KEY_DIS?縚制系统
            CODE    4B73H     0033H     INBLOCK      ?PR?TIME1_ISR?縚制系统
            CODE    4BA6H     0031H     INBLOCK      ?PR?DS18B20_FUNC?縚制系统
            CODE    4BD7H     002EH     INBLOCK      ?PR?RDS1302_TIME?縚制系统
            CODE    4C05H     002EH     INBLOCK      ?PR?RECEIVE18B20?縚制系统
            CODE    4C33H     002AH     INBLOCK      ?PR?_R1302?縚制系统
            CODE    4C5DH     002AH     INBLOCK      ?PR?_DISPLAY_CNASC?縚制系统
            CODE    4C87H     0029H     INBLOCK      ?PR?CLRGDRAM?縚制系统
            CODE    4CB0H     0027H     INBLOCK      ?PR?PASSWORK_FINISH?縚制系统
BL51 BANKED LINKER/LOCATER V6.00                                                      08/08/2008  18:32:02  PAGE 3


            CODE    4CD7H     0027H     UNIT         ?C_INITSEG
            CODE    4CFEH     0024H     INBLOCK      ?PR?RDS1302_DATA?縚制系统
            CODE    4D22H     0023H     INBLOCK      ?PR?_W1302?縚制系统
            CODE    4D45H     0021H     INBLOCK      ?PR?RDS1302_DATE?縚制系统
            CODE    4D66H     001AH     INBLOCK      ?PR?INIT_DS18B20?縚制系统
            CODE    4D80H     001AH     INBLOCK      ?PR?_SEND18B20_BYTE?縚制系统
            CODE    4D9AH     001AH     INBLOCK      ?PR?DIS_TITLE_PIC?縚制系统
            CODE    4DB4H     0018H     INBLOCK      ?PR?DIS_MODE2?縚制系统
            CODE    4DCCH     0017H     INBLOCK      ?PR?_WR_LCD?縚制系统
            CODE    4DE3H     0015H     INBLOCK      ?PR?_WDS1302_DATA?縚制系统
            CODE    4DF8H     0011H     INBLOCK      ?PR?ENTER_DIS?縚制系统
            CODE    4E09H     000FH     INBLOCK      ?PR?CHK_BUSY?縚制系统
            CODE    4E18H     000FH     INBLOCK      ?PR?TEMP_FUNC?縚制系统
            CODE    4E27H     000EH     INBLOCK      ?PR?DELAY_PW?縚制系统
            CODE    4E35H     000BH     INBLOCK      ?PR?CLEAR_DIS?縚制系统
            CODE    4E40H     0009H     INBLOCK      ?PR?DIS_MODE1?縚制系统



OVERLAY MAP OF MODULE:   控制系统 (?C_STARTUP)


SEGMENT                                      DATA_GROUP 
  +--> CALLED SEGMENT                      START    LENGTH
----------------------------------------------------------
?C_C51STARTUP                              -----    -----
  +--> ?PR?MAIN?縚制系统
  +--> ?C_INITSEG

?PR?MAIN?縚制系统                          0025H    0001H
  +--> ?PR?INIT_LCD?縚制系统
  +--> ?PR?_R1302?縚制系统
  +--> ?CO?縚制系统
  +--> ?PR?_DISPLAY_CNASC?縚制系统
  +--> ?PR?INIT_DS1302?縚制系统
  +--> ?PR?RDS1302_DATA?縚制系统
  +--> ?PR?RDS1302_DATE?縚制系统
  +--> ?PR?RDS1302_TIME?縚制系统
  +--> ?PR?INIT_DS18B20?縚制系统
  +--> ?PR?DS18B20_FUNC?縚制系统
  +--> ?PR?TIME_INIT?縚制系统
  +--> ?PR?DELAY_PW?縚制系统
  +--> ?PR?CLEAR_DIS?縚制系统
  +--> ?PR?DIS_MODE2?縚制系统
  +--> ?PR?DIS_MODE3?縚制系统
  +--> ?PR?DIS_MODE1?縚制系统
  +--> ?PR?GOTKEY?縚制系统
  +--> ?PR?DIS_TITLE_E?縚制系统
  +--> ?PR?縚制系统
  +--> ?PR?INPUT_PASSWORK?縚制系统
  +--> ?PR?PASSWORK_COMP?縚制系统
  +--> ?PR?_DIS_MENU_KEY?縚制系统
  +--> ?PR?DIS_MENU?縚制系统
  +--> ?PR?ADJUST_FUNC?縚制系统
  +--> ?PR?TOOL_FUNC?縚制系统
  +--> ?PR?CALCULATOR?縚制系统
  +--> ?PR?TEMP_FUNC?縚制系统
BL51 BANKED LINKER/LOCATER V6.00                                                      08/08/2008  18:32:02  PAGE 4


  +--> ?PR?ALARM_FUNC?縚制系统
  +--> ?PR?NBA_TIMER?縚制系统
  +--> ?PR?SET_FUNC?縚制系统
  +--> ?PR?PASSW_FUNC?縚制系统
  +--> ?PR?VERSION_FUNC?縚制系统

?PR?INIT_LCD?縚制系统                      -----    -----
  +--> ?PR?縚制系统
  +--> ?PR?_WR_LCD?縚制系统
  +--> ?PR?CLEAR_DIS?縚制系统

?PR?縚制系统                               -----    -----
  +--> ?CO?縚制系统
  +--> ?PR?_WR_LCD?縚制系统
  +--> ?PR?RDS1302_DATE?縚制系统
  +--> ?PR?RDS1302_TIME?縚制系统
  +--> ?PR?_DELAY?縚制系统
  +--> ?PR?_R1302?縚制系统
  +--> ?PR?_W1302?縚制系统
  +--> ?PR?_MONTHDAY?縚制系统

?PR?_WR_LCD?縚制系统                       -----    -----
  +--> ?PR?CHK_BUSY?縚制系统

?PR?RDS1302_DATE?縚制系统                  -----    -----
  +--> ?PR?_R1302?縚制系统

?PR?RDS1302_TIME?縚制系统                  -----    -----
  +--> ?PR?RDS1302_DATE?縚制系统
  +--> ?PR?_R1302?縚制系统

?PR?_MONTHDAY?縚制系统                     -----    -----
  +--> ?CO?縚制系统

?PR?CLEAR_DIS?縚制系统                     -----    -----
  +--> ?PR?縚制系统
  +--> ?PR?_WR_LCD?縚制系统
  +--> ?PR?CLRGDRAM?縚制系统

?PR?CLRGDRAM?縚制系统                      -----    -----
  +--> ?PR?縚制系统
  +--> ?PR?_WR_LCD?縚制系统

?PR?_DISPLAY_CNASC?縚制系统                0037H    0003H
  +--> ?PR?縚制系统
  +--> ?PR?_WR_LCD?縚制系统

?PR?INIT_DS1302?縚制系统                   -----    -----
  +--> ?PR?WDS1302_TIME_DATE?縚制系统
  +--> ?PR?INIT_WDS1302_RAM?縚制系统

?PR?WDS1302_TIME_DATE?縚制系统             -----    -----
  +--> ?PR?_W1302?縚制系统
  +--> ?PR?縚制系统

?PR?INIT_WDS1302_RAM?縚制系统              -----    -----
  +--> ?PR?_W1302?縚制系统
BL51 BANKED LINKER/LOCATER V6.00                                                      08/08/2008  18:32:02  PAGE 5


  +--> ?PR?縚制系统

?PR?RDS1302_DATA?縚制系统                  -----    -----
  +--> ?PR?_R1302?縚制系统
  +--> ?PR?縚制系统

?PR?INIT_DS18B20?縚制系统                  -----    -----
  +--> ?PR?_DELAY_B20?縚制系统

?PR?DS18B20_FUNC?縚制系统                  -----    -----
  +--> ?PR?INIT_DS18B20?縚制系统
  +--> ?PR?_SEND18B20_BYTE?縚制系统
  +--> ?PR?DELAY_PW?縚制系统
  +--> ?PR?RECEIVE18B20?縚制系统
  +--> ?PR?CONVERSION_T?縚制系统

?PR?_SEND18B20_BYTE?縚制系统               -----    -----
  +--> ?PR?_DELAY_B20?縚制系统

?PR?DELAY_PW?縚制系统                      -----    -----
  +--> ?PR?_DELAY?縚制系统

?PR?RECEIVE18B20?縚制系统                  -----    -----
  +--> ?PR?_DELAY_B20?縚制系统

?PR?TIME_INIT?縚制系统                     -----    -----
  +--> ?PR?縚制系统

?PR?DIS_MODE2?縚制系统                     -----    -----
  +--> ?PR?_DIS_DATE_MODE2?縚制系统
  +--> ?CO?縚制系统
  +--> ?PR?_DISPLAY_CNASC?縚制系统
  +--> ?PR?DIS_TIME_MODE2?縚制系统
  +--> ?PR?MODE1_2_UNION?縚制系统

?PR?_DIS_DATE_MODE2?縚制系统               0031H    0003H
  +--> ?CO?縚制系统
  +--> ?PR?_DISPLAY_CNASC?縚制系统
  +--> ?PR?縚制系统

?PR?DIS_TIME_MODE2?縚制系统                -----    -----
  +--> ?PR?_NUM2_ASC_DIS?縚制系统
  +--> ?PR?_DIS_RUN_STATE?縚制系统

?PR?_NUM2_ASC_DIS?縚制系统                 0031H    0002H
  +--> ?PR?_WR_LCD?縚制系统
  +--> ?CO?縚制系统
  +--> ?PR?縚制系统

?PR?_DIS_RUN_STATE?縚制系统                0035H    0004H
  +--> ?PR?縚制系统
  +--> ?PR?_WR_LCD?縚制系统

?PR?MODE1_2_UNION?縚制系统                 0033H    0001H
  +--> ?CO?縚制系统
  +--> ?PR?_DISPLAY_CNASC?縚制系统
  +--> ?PR?_DIS_RUN_STATE?縚制系统
BL51 BANKED LINKER/LOCATER V6.00                                                      08/08/2008  18:32:02  PAGE 6


  +--> ?PR?_DIS_MENU_KEY?縚制系统

?PR?_DIS_MENU_KEY?縚制系统                 0035H    0001H
  +--> ?PR?縚制系统
  +--> ?PR?_CON_DISP?縚制系统

?PR?_CON_DISP?縚制系统                     0036H    0006H
  +--> ?PR?縚制系统
  +--> ?PR?_WR_LCD?縚制系统

?PR?DIS_MODE3?縚制系统                     0031H    0004H
  +--> ?PR?縚制系统
  +--> ?PR?_WR_LCD?縚制系统
  +--> ?CO?縚制系统
  +--> ?PR?_DIS_RUN_STATE?縚制系统
  +--> ?PR?_DIS_MENU_KEY?縚制系统

?PR?DIS_MODE1?縚制系统                     -----    -----
  +--> ?PR?DIS_DATE_MODE1?縚制系统
  +--> ?PR?DIS_TIME_MODE1?縚制系统
  +--> ?PR?DIS_TEMP_MODE1?縚制系统

?PR?DIS_DATE_MODE1?縚制系统                0031H    0002H
  +--> ?CO?縚制系统
  +--> ?PR?_DISPLAY_CNASC?縚制系统
  +--> ?PR?縚制系统
  +--> ?PR?MODE1_2_UNION?縚制系统

?PR?DIS_TIME_MODE1?縚制系统                0031H    0002H
  +--> ?PR?縚制系统
  +--> ?PR?_DISPLAY_CNASC?縚制系统

?PR?DIS_TEMP_MODE1?縚制系统                0031H    0002H
  +--> ?CO?縚制系统
  +--> ?PR?縚制系统
  +--> ?PR?_DISPLAY_CNASC?縚制系统

?PR?GOTKEY?縚制系统                        002EH    0001H
  +--> ?PR?_DELAY?縚制系统
  +--> ?PR?縚制系统
  +--> ?PR?KEYPAD_SCAN?縚制系统
  +--> ?CO?縚制系统

?PR?KEYPAD_SCAN?縚制系统                   002FH    0002H
  +--> ?PR?_DELAY?縚制系统
  +--> ?PR?RDS1302_TIME?縚制系统
  +--> ?PR?DIS_TIME_MODE2?縚制系统
  +--> ?PR?_DIS_DATE_MODE2?縚制系统
  +--> ?PR?DIS_MODE3?縚制系统
  +--> ?PR?DIS_TIME_MODE1?縚制系统
  +--> ?PR?DIS_DATE_MODE1?縚制系统
  +--> ?PR?縚制系统
  +--> ?CO?縚制系统
  +--> ?PR?DS18B20_FUNC?縚制系统
  +--> ?PR?DIS_TEMP_MODE1?縚制系统
  +--> ?PR?_DISPLAY_CNASC?縚制系统
  +--> ?PR?NBA_DIS_TIME?縚制系统
BL51 BANKED LINKER/LOCATER V6.00                                                      08/08/2008  18:32:02  PAGE 7


  +--> ?PR?DELAY_PW?縚制系统

?PR?NBA_DIS_TIME?縚制系统                  0031H    0003H
  +--> ?PR?縚制系统
  +--> ?PR?_DISPLAY_CNASC?縚制系统
  +--> ?CO?縚制系统

?PR?DIS_TITLE_E?縚制系统                   -----    -----
  +--> ?CO?縚制系统
  +--> ?PR?_DISPLAY_CNASC?縚制系统
  +--> ?PR?縚制系统
  +--> ?PR?_CON_DISP?縚制系统

?PR?INPUT_PASSWORK?縚制系统                0029H    0003H
  +--> ?CO?縚制系统
  +--> ?PR?_DISPLAY_CNASC?縚制系统
  +--> ?PR?GOTKEY?縚制系统
  +--> ?PR?_DELAY?縚制系统
  +--> ?PR?縚制系统

?PR?PASSWORK_COMP?縚制系统                 -----    -----
  +--> ?PR?PASSWORK_FINISH?縚制系统
  +--> ?PR?_R1302?縚制系统
  +--> ?CO?縚制系统
  +--> ?PR?_DISPLAY_CNASC?縚制系统
  +--> ?PR?DELAY_PW?縚制系统
  +--> ?PR?縚制系统

?PR?DIS_MENU?縚制系统                      0026H    0003H
  +--> ?CO?縚制系统
  +--> ?PR?縚制系统
  +--> ?PR?_DISPLAY_CNASC?縚制系统
  +--> ?PR?DIS_TITLE?縚制系统
  +--> ?PR?_CON_DISP?縚制系统
  +--> ?PR?DIS_TITLE_PIC?縚制系统
  +--> ?PR?_ANTI_NOR_PIC?縚制系统
  +--> ?PR?GOTKEY?縚制系统
  +--> ?PR?ENTER_DIS?縚制系统
  +--> ?PR?_KEY_DIS?縚制系统

?PR?DIS_TITLE?縚制系统                     -----    -----
  +--> ?CO?縚制系统
  +--> ?PR?_DISPLAY_CNASC?縚制系统
  +--> ?PR?縚制系统
  +--> ?PR?_CON_DISP?縚制系统

?PR?DIS_TITLE_PIC?縚制系统                 -----    -----
  +--> ?CO?縚制系统
  +--> ?PR?_DISPLAY_CNASC?縚制系统

?PR?_ANTI_NOR_PIC?縚制系统                 0029H    0004H
  +--> ?CO?縚制系统
  +--> ?PR?_DISPLAY_CNASC?縚制系统
  +--> ?PR?縚制系统
  +--> ?PR?_WR_LCD?縚制系统

?PR?ENTER_DIS?縚制系统                     -----    -----
BL51 BANKED LINKER/LOCATER V6.00                                                      08/08/2008  18:32:02  PAGE 8


  +--> ?CO?縚制系统
  +--> ?PR?縚制系统
  +--> ?PR?_DISPLAY_CNASC?縚制系统
  +--> ?PR?_DELAY?縚制系统

?PR?_KEY_DIS?縚制系统                      002CH    0001H
  +--> ?CO?縚制系统
  +--> ?PR?_DISPLAY_CNASC?縚制系统
  +--> ?PR?_DELAY?縚制系统

?PR?ADJUST_FUNC?縚制系统                   0026H    0003H
  +--> ?PR?DIS_TITLE_E?縚制系统
  +--> ?CO?縚制系统
  +--> ?PR?縚制系统
  +--> ?PR?_DISPLAY_CNASC?縚制系统
  +--> ?PR?RDS1302_TIME?縚制系统
  +--> ?PR?_DIS_DATE_MODE2?縚制系统
  +--> ?PR?ASJUST_TIME?縚制系统
  +--> ?PR?_CON_DISP?縚制系统
  +--> ?PR?GOTKEY?縚制系统
  +--> ?PR?WEEKS_DAY?縚制系统
  +--> ?PR?SAVE_Y_OR_N?縚制系统
  +--> ?PR?WDS1302_TIME_DATE?縚制系统

?PR?ASJUST_TIME?縚制系统                   0029H    0002H
  +--> ?CO?縚制系统
  +--> ?PR?_DISPLAY_CNASC?縚制系统
  +--> ?PR?縚制系统

?PR?WEEKS_DAY?縚制系统                     -----    -----
  +--> ?PR?縚制系统
  +--> ?CO?縚制系统

?PR?SAVE_Y_OR_N?縚制系统                   002AH    0001H
  +--> ?PR?CLEAR_DIS?縚制系统
  +--> ?CO?縚制系统
  +--> ?PR?_DISPLAY_CNASC?縚制系统
  +--> ?PR?縚制系统
  +--> ?PR?GOTKEY?縚制系统
  +--> ?PR?_DELAY?縚制系统

?PR?TOOL_FUNC?縚制系统                     0026H    0003H
  +--> ?CO?縚制系统
  +--> ?PR?縚制系统
  +--> ?PR?_DISPLAY_CNASC?縚制系统
  +--> ?PR?DIS_TITLE?縚制系统
  +--> ?PR?_CON_DISP?縚制系统
  +--> ?PR?GOTKEY?縚制系统
  +--> ?PR?ENTER_DIS?縚制系统
  +--> ?PR?_KEY_DIS?縚制系统

?PR?CALCULATOR?縚制系统                    0026H    0002H
  +--> ?PR?DIS_TITLE_E?縚制系统
  +--> ?CO?縚制系统
  +--> ?PR?縚制系统
  +--> ?PR?_DISPLAY_CNASC?縚制系统
  +--> ?PR?INPUT_DATA?縚制系统
BL51 BANKED LINKER/LOCATER V6.00                                                      08/08/2008  18:32:02  PAGE 9


  +--> ?PR?ADDER?縚制系统
  +--> ?PR?SUBTRACTION?縚制系统
  +--> ?PR?MULTIPLICATION?縚制系统
  +--> ?PR?DIVIDER?縚制系统
  +--> ?PR?_REMOVAL_DATA?縚制系统
  +--> ?PR?_DIS_CDATA?縚制系统
  +--> ?PR?GOTKEY?縚制系统

?PR?INPUT_DATA?縚制系统                    0028H    0002H
  +--> ?PR?GOTKEY?縚制系统
  +--> ?CO?縚制系统
  +--> ?PR?縚制系统
  +--> ?PR?_CON_DISP?縚制系统
  +--> ?PR?_DIS_CDATA?縚制系统
  +--> ?PR?_REMOVAL_DATA?縚制系统
  +--> ?PR?_DISPLAY_CNASC?縚制系统

?PR?_DIS_CDATA?縚制系统                    002AH    0004H
  +--> ?CO?縚制系统
  +--> ?PR?_DISPLAY_CNASC?縚制系统
  +--> ?PR?縚制系统

?PR?_REMOVAL_DATA?縚制系统                 0034H    0003H
  +--> ?PR?縚制系统
  +--> ?PR?_DISPLAY_CNASC?縚制系统

?PR?ADDER?縚制系统                         0028H    0001H
  +--> ?PR?縚制系统
  +--> ?PR?_REMOVAL_DATA?縚制系统

?PR?SUBTRACTION?縚制系统                   0028H    0005H
  +--> ?PR?縚制系统
  +--> ?PR?_REMOVAL_DATA?縚制系统

?PR?MULTIPLICATION?縚制系统                0028H    0003H
  +--> ?PR?縚制系统
  +--> ?PR?_REMOVAL_DATA?縚制系统

?PR?DIVIDER?縚制系统                       0028H    000CH
  +--> ?PR?縚制系统
  +--> ?PR?_REMOVAL_DATA?縚制系统

?PR?TEMP_FUNC?縚制系统                     -----    -----
  +--> ?PR?TEMP_FUNC_DIS?縚制系统
  +--> ?PR?TEMP_FUNC_SET?縚制系统

?PR?TEMP_FUNC_DIS?縚制系统                 0026H    0002H
  +--> ?PR?CLEAR_DIS?縚制系统
  +--> ?PR?DIS_TITLE_E?縚制系统
  +--> ?CO?縚制系统
  +--> ?PR?_DISPLAY_CNASC?縚制系统
  +--> ?PR?_NUM2_ASC_DIS?縚制系统
  +--> ?PR?縚制系统
  +--> ?PR?_CON_DISP?縚制系统
  +--> ?PR?DELAY_PW?縚制系统
  +--> ?PR?GOTKEY?縚制系统

BL51 BANKED LINKER/LOCATER V6.00                                                      08/08/2008  18:32:02  PAGE 10


?PR?TEMP_FUNC_SET?縚制系统                 0026H    0002H
  +--> ?PR?RDS1302_DATA?縚制系统
  +--> ?PR?縚制系统
  +--> ?PR?_CON_DISP?縚制系统
  +--> ?PR?GOTKEY?縚制系统
  +--> ?PR?CLEAR_DIS?縚制系统
  +--> ?PR?DIS_TITLE_E?縚制系统
  +--> ?PR?_DISPLAY_CNASC?縚制系统
  +--> ?CO?縚制系统
  +--> ?PR?SAVE_Y_OR_N?縚制系统
  +--> ?PR?_WDS1302_DATA?縚制系统

?PR?_WDS1302_DATA?縚制系统                 -----    -----
  +--> ?PR?_W1302?縚制系统
  +--> ?PR?縚制系统

?PR?ALARM_FUNC?縚制系统                    0026H    0004H
  +--> ?PR?CLEAR_DIS?縚制系统
  +--> ?PR?DIS_TITLE_E?縚制系统
  +--> ?CO?縚制系统
  +--> ?PR?縚制系统
  +--> ?PR?_DISPLAY_CNASC?縚制系统
  +--> ?PR?_CON_DISP?縚制系统
  +--> ?PR?GOTKEY?縚制系统
  +--> ?PR?SAVE_Y_OR_N?縚制系统
  +--> ?PR?_WDS1302_DATA?縚制系统

?PR?NBA_TIMER?縚制系统                     0026H    0003H
  +--> ?PR?TIME_INIT?縚制系统
  +--> ?CO?縚制系统
  +--> ?PR?縚制系统
  +--> ?PR?_DISPLAY_CNASC?縚制系统
  +--> ?PR?DIS_TITLE_E?縚制系统
  +--> ?PR?_REMOVAL_DATA?縚制系统
  +--> ?PR?GOTKEY?縚制系统
  +--> ?PR?NBA_SET?縚制系统
  +--> ?PR?CLEAR_DIS?縚制系统
  +--> ?PR?NBA_OTH_DIS?縚制系统
  +--> ?PR?_NUM2_ASC_DIS?縚制系统
  +--> ?PR?NBA_DIS_TIME?縚制系统
  +--> ?PR?_DELAY?縚制系统
  +--> ?PR?RDS1302_TIME?縚制系统
  +--> ?PR?DIS_MODE2?縚制系统
  +--> ?PR?_R1302?縚制系统

?PR?NBA_SET?縚制系统                       0029H    0005H
  +--> ?PR?CLEAR_DIS?縚制系统
  +--> ?PR?DIS_TITLE_E?縚制系统
  +--> ?CO?縚制系统
  +--> ?PR?_DISPLAY_CNASC?縚制系统
  +--> ?PR?縚制系统
  +--> ?PR?GOTKEY?縚制系统

?PR?NBA_OTH_DIS?縚制系统                   0029H    0002H
  +--> ?CO?縚制系统
  +--> ?PR?_DISPLAY_CNASC?縚制系统
  +--> ?PR?縚制系统
BL51 BANKED LINKER/LOCATER V6.00                                                      08/08/2008  18:32:02  PAGE 11


  +--> ?PR?_CON_DISP?縚制系统
  +--> ?PR?NBA_DIS_TIME?縚制系统

?PR?SET_FUNC?縚制系统                      0026H    0003H
  +--> ?CO?縚制系统
  +--> ?PR?_DISPLAY_CNASC?縚制系统
  +--> ?PR?DIS_TITLE?縚制系统
  +--> ?PR?縚制系统
  +--> ?PR?_CON_DISP?縚制系统
  +--> ?PR?GOTKEY?縚制系统
  +--> ?PR?ENTER_DIS?縚制系统
  +--> ?PR?_KEY_DIS?縚制系统
  +--> ?PR?_WDS1302_DATA?縚制系统
  +--> ?PR?_SET_DIS?縚制系统

?PR?_SET_DIS?縚制系统                      0029H    0003H
  +--> ?PR?縚制系统
  +--> ?PR?_CON_DISP?縚制系统
  +--> ?PR?_DISPLAY_CNASC?縚制系统
  +--> ?CO?縚制系统
  +--> ?PR?GOTKEY?縚制系统
  +--> ?PR?_KEY_DIS?縚制系统

?PR?PASSW_FUNC?縚制系统                    0026H    0003H
  +--> ?PR?CLEAR_DIS?縚制系统
  +--> ?CO?縚制系统
  +--> ?PR?_DISPLAY_CNASC?縚制系统
  +--> ?PR?DIS_TITLE?縚制系统
  +--> ?PR?縚制系统
  +--> ?PR?_CON_DISP?縚制系统
  +--> ?PR?ENTER_DIS?縚制系统
  +--> ?PR?_KEY_DIS?縚制系统
  +--> ?PR?_DELAY?縚制系统
  +--> ?PR?DELAY_PW?縚制系统
  +--> ?PR?INPUT_SECOND_PASSWORK?縚制系统
  +--> ?PR?GOTKEY?縚制系统
  +--> ?PR?DIS_TITLE_E?縚制系统
  +--> ?PR?PASSWORK_COMP?縚制系统
  +--> ?PR?INIT_DS1302?縚制系统
  +--> ?PR?RDS1302_DATA?縚制系统
  +--> ?PR?INPUT_PASSWORK?縚制系统

?PR?INPUT_SECOND_PASSWORK?縚制系统         0029H    0003H
  +--> ?PR?縚制系统
  +--> ?PR?_DISPLAY_CNASC?縚制系统
  +--> ?PR?GOTKEY?縚制系统
  +--> ?CO?縚制系统
  +--> ?PR?_DELAY?縚制系统
  +--> ?PR?PASSWORK_FINISH?縚制系统
  +--> ?PR?_WDS1302_DATA?縚制系统
  +--> ?PR?_R1302?縚制系统
  +--> ?PR?DELAY_PW?縚制系统

?PR?VERSION_FUNC?縚制系统                  0026H    0002H
  +--> ?CO?縚制系统
  +--> ?PR?縚制系统
  +--> ?PR?_DISPLAY_CNASC?縚制系统
BL51 BANKED LINKER/LOCATER V6.00                                                      08/08/2008  18:32:02  PAGE 12


  +--> ?PR?DIS_TITLE_E?縚制系统
  +--> ?PR?GOTKEY?縚制系统
  +--> ?PR?_DELAY?縚制系统

*** NEW ROOT ***************************************************

?PR?TIME1_ISR?縚制系统                     -----    -----
  +--> ?PR?縚制系统



SYMBOL TABLE OF MODULE:  控制系统 (?C_STARTUP)

  VALUE           TYPE          NAME
  ----------------------------------

  -------         MODULE        ?C_STARTUP
  C:440DH         SEGMENT       ?C_C51STARTUP
  I:0076H         SEGMENT       ?STACK
  C:0000H         PUBLIC        ?C_STARTUP
  D:00E0H         SYMBOL        ACC
  D:00F0H         SYMBOL        B
  D:0083H         SYMBOL        DPH
  D:0082H         SYMBOL        DPL
  N:0000H         SYMBOL        IBPSTACK
  N:0100H         SYMBOL        IBPSTACKTOP
  N:0080H         SYMBOL        IDATALEN
  C:4410H         SYMBOL        IDATALOOP
  N:0000H         SYMBOL        PBPSTACK
  N:0100H         SYMBOL        PBPSTACKTOP
  N:0000H         SYMBOL        PDATALEN
  N:0000H         SYMBOL        PDATASTART
  N:0000H         SYMBOL        PPAGE
  N:0000H         SYMBOL        PPAGEENABLE
  D:00A0H         SYMBOL        PPAGE_SFR
  D:0081H         SYMBOL        SP
  C:440DH         SYMBOL        STARTUP1
  N:0000H         SYMBOL        XBPSTACK
  N:0000H         SYMBOL        XBPSTACKTOP
  N:0000H         SYMBOL        XDATALEN
  N:0000H         SYMBOL        XDATASTART
  C:0000H         LINE#         126
  C:440DH         LINE#         133
  C:440FH         LINE#         134
  C:4410H         LINE#         135
  C:4411H         LINE#         136
  C:4413H         LINE#         185
  C:4416H         LINE#         196
  -------         ENDMOD        ?C_STARTUP

  -------         MODULE        縚制系统
  C:0000H         SYMBOL        _ICE_DUMMY_
  B:0020H.5       PUBLIC        di1
  B:0020H.6       PUBLIC        bl0
  B:0020H.7       PUBLIC        bl1
  D:0090H         PUBLIC        P1
  C:3D47H         PUBLIC        nba_oth_dis
BL51 BANKED LINKER/LOCATER V6.00                                                      08/08/2008  18:32:02  PAGE 13


  C:3F22H         PUBLIC        _dis_cdata
  D:00A0H         PUBLIC        P2
  C:3965H         PUBLIC        adder
  B:0021H.7       PUBLIC        oth_run
  C:0F12H         PUBLIC        running
  B:00A8H.7       PUBLIC        EA
  B:0021H.0       PUBLIC        ds18b20
  C:2A28H         PUBLIC        keypad_scan
  C:04AEH         PUBLIC        version
  C:0892H         PUBLIC        mode_2num
  C:4A88H         PUBLIC        dis_time_mode1
  C:493AH         PUBLIC        dis_title_e
  C:0B52H         PUBLIC        mode_3num
  C:4377H         PUBLIC        dis_time_mode2
  D:00A8H         PUBLIC        IE
  C:4CFEH         PUBLIC        rds1302_data
  B:0021H.2       PUBLIC        temprun
  B:0080H.0       PUBLIC        P0_0
  B:0080H.1       PUBLIC        P0_1
  C:4AC6H         PUBLIC        passwork_comp
  C:4609H         PUBLIC        time0_isr
  B:0080H.2       PUBLIC        P0_2
  C:4D45H         PUBLIC        rds1302_date
  C:4B73H         PUBLIC        time1_isr
  B:00B0H.0       PUBLIC        P3_0
  B:0080H.3       PUBLIC        P0_3
  C:474FH         PUBLIC        input_passwork
  C:40C6H         PUBLIC        dis_temp_mode1
  B:00B0H.1       PUBLIC        P3_1
  B:0080H.4       PUBLIC        P0_4
  B:00B0H.2       PUBLIC        P3_2
  B:0080H.5       PUBLIC        P0_5
  C:4BA6H         PUBLIC        ds18b20_func
  C:03EAH         PUBLIC        secrets_menu
  B:0080H.6       PUBLIC        P0_6
  C:4852H         PUBLIC        gotkey
  C:4C05H         PUBLIC        receive18b20
  C:0003H         PUBLIC        _delay_b20
  B:0080H.7       PUBLIC        P0_7
  C:4C33H         PUBLIC        _r1302
  B:00B0H.6       PUBLIC        P3_6
  B:00A0H.7       PUBLIC        P2_7
  C:36F7H         PUBLIC        version_func
  I:003CH         PUBLIC        opera
  B:00B0H.7       PUBLIC        P3_7
  C:49C6H         PUBLIC        save_y_or_n
  B:0022H.7       PUBLIC        buzstop
  C:33C9H         PUBLIC        adjust_func
  C:4D66H         PUBLIC        init_ds18b20
  C:4D2DH         PUBLIC        _w1302
  C:2800H         PUBLIC        alarm_func
  C:47B6H         PUBLIC        _num2_asc_dis
  C:4000H         PUBLIC        conversion_t
  C:0368H         PUBLIC        weeks
  I:0054H         PUBLIC        alarm_time
  C:4BDAH         PUBLIC        rds1302_time
  I:0056H         PUBLIC        today
BL51 BANKED LINKER/LOCATER V6.00                                                      08/08/2008  18:32:02  PAGE 14


  C:3AC6H         PUBLIC        main
  D:0020H         PUBLIC        signs
  C:4A4AH         PUBLIC        wds1302_time_date
  I:005AH         PUBLIC        temp_delay
  C:4E35H         PUBLIC        clear_dis
  C:0648H         PUBLIC        index_cal
  B:0022H.6       PUBLIC        init_d2
  C:064EH         PUBLIC        index_nba
  C:0456H         PUBLIC        set_bl_dm
  C:1DB7H         PUBLIC        input_data
  C:48A1H         PUBLIC        asjust_time
  C:3000H         PUBLIC        calculator
  B:0020H.2       PUBLIC        keb
  C:4B03H         PUBLIC        _con_disp
  D:0089H         PUBLIC        TMOD
  C:1AE0H         PUBLIC        subtraction
  C:27F8H         PUBLIC        init_ds1302
  C:2000H         PUBLIC        nba_timer
  C:0642H         PUBLIC        index_alm
  D:0023H         PUBLIC        temp
  B:0020H.1       PUBLIC        alm
  I:005BH         PUBLIC        time_tick
  C:1800H         PUBLIC        passw_func
  C:042AH         PUBLIC        dayofmonth
  B:0020H.0       PUBLIC        als
  I:005CH         PUBLIC        resu
  I:0068H         PUBLIC        bl_delay
  C:46E4H         PUBLIC        weeks_day
  C:4DF8H         PUBLIC        enter_dis
  I:0069H         PUBLIC        save_time
  C:4C5DH         PUBLIC        _display_cnasc
  C:4E18H         PUBLIC        temp_func
  C:42DAH         PUBLIC        dis_title
  C:053AH         PUBLIC        timer_tips
  C:17E4H         PUBLIC        time_init
  C:0436H         PUBLIC        key_code
  B:0021H.5       PUBLIC        cal_del
  B:0020H.3       PUBLIC        meu
  C:2FE2H         PUBLIC        _monthday
  B:00A8H.1       PUBLIC        ET0
  B:00A8H.3       PUBLIC        ET1
  C:37EEH         PUBLIC        init_lcd
  C:4B3EH         PUBLIC        _key_dis
  D:008CH         PUBLIC        TH0
  D:008DH         PUBLIC        TH1
  C:03CAH         PUBLIC        selected
  C:3800H         PUBLIC        _set_dis
  C:422DH         PUBLIC        tool_func
  C:0452H         PUBLIC        alm_sign
  C:0446H         PUBLIC        ksp
  C:4983H         PUBLIC        init_wds1302_ram
  D:008AH         PUBLIC        TL0
  C:4C87H         PUBLIC        clrgdram
  D:008BH         PUBLIC        TL1
  C:4D80H         PUBLIC        _send18b20_byte
  C:044AH         PUBLIC        tool_cal
  C:0420H         PUBLIC        char_num
BL51 BANKED LINKER/LOCATER V6.00                                                      08/08/2008  18:32:02  PAGE 15


  C:0486H         PUBLIC        nba_oppo
  B:0022H.4       PUBLIC        t0_isr
  C:0652H         PUBLIC        menu_pic
  I:006CH         PUBLIC        now
  B:0088H.4       PUBLIC        TR0
  C:4499H         PUBLIC        _removal_data
  B:0088H.6       PUBLIC        TR1
  C:0402H         PUBLIC        tool_menu
  C:3C27H         PUBLIC        dis_menu
  C:4E27H         PUBLIC        delay_pw
  I:006FH         PUBLIC        als_temp
  C:2E4FH         PUBLIC        set_func
  C:4596H         PUBLIC        _dis_date_mode2
  C:062EH         PUBLIC        index_a
  C:48EFH         PUBLIC        _dis_run_state
  C:4180H         PUBLIC        _anti_nor_pic
  C:4E09H         PUBLIC        chk_busy
  C:4DD2H         PUBLIC        _wr_lcd
  B:0021H.3       PUBLIC        nba_tim
  D:0021H         PUBLIC        run_signs
  I:0071H         PUBLIC        temp_min
  C:31F0H         PUBLIC        nba_set
  C:0FF2H         PUBLIC        menu_key
  C:063CH         PUBLIC        index_temp_set
  I:0072H         PUBLIC        save1
  B:0021H.4       PUBLIC        adju_si
  C:4A09H         PUBLIC        _dis_menu_key
  C:4CB0H         PUBLIC        passwork_finish
  C:4D9AH         PUBLIC        dis_title_pic
  C:0496H         PUBLIC        set_menu
  C:4679H         PUBLIC        nba_dis_time
  B:0022H.1       PUBLIC        dis_sig
  C:05FAH         PUBLIC        index_m
  C:046EH         PUBLIC        set_mka
  B:0021H.6       PUBLIC        cal_run
  I:0073H         PUBLIC        i
  C:358FH         PUBLIC        temp_func_dis
  C:0376H         PUBLIC        menu_cn
  I:0074H         PUBLIC        j
  C:24E4H         PUBLIC        divider
  C:0618H         PUBLIC        index_p
  B:0022H.5       PUBLIC        thl_als
  B:0022H.2       PUBLIC        lock_op
  C:0622H         PUBLIC        index_s
  C:060CH         PUBLIC        index_t
  I:0075H         PUBLIC        time_tick1
  C:000EH         PUBLIC        _delay
  B:0022H.0       PUBLIC        alm_run
  C:4DE3H         PUBLIC        _wds1302_data
  C:271AH         PUBLIC        input_second_passwork
  C:14FAH         PUBLIC        temp_func_set
  B:0022H.3       PUBLIC        b20time
  C:4800H         PUBLIC        mode1_2_union
  B:0021H.1       PUBLIC        temp_pn
  C:2C46H         PUBLIC        multiplication
  C:4E40H         PUBLIC        dis_mode1
  C:451BH         PUBLIC        dis_date_mode1
BL51 BANKED LINKER/LOCATER V6.00                                                      08/08/2008  18:32:02  PAGE 16


  C:4DB4H         PUBLIC        dis_mode2
  C:03A6H         PUBLIC        menu_cn_2
  C:3E38H         PUBLIC        dis_mode3
  B:0020H.4       PUBLIC        di0
  C:1002H         SYMBOL        Com049B
  C:1002H         SYMBOL        L?1180
  C:1010H         SYMBOL        L?1181
  C:1011H         SYMBOL        L?1182
  C:1013H         SYMBOL        L?1183
  C:101AH         SYMBOL        L?1184
  C:101CH         SYMBOL        L?1185
  C:101EH         SYMBOL        L?1186
  C:101FH         SYMBOL        L?1187
  C:1026H         SYMBOL        L?1188
  C:1045H         SYMBOL        L?1189
  C:104BH         SYMBOL        L?1190
  C:105BH         SYMBOL        L?1191
  C:1061H         SYMBOL        L?1192
  C:1067H         SYMBOL        L?1193
  C:1068H         SYMBOL        L?1194
  C:106FH         SYMBOL        L?1195
  C:1081H         SYMBOL        L?1196
  C:1090H         SYMBOL        L?1197
  C:1097H         SYMBOL        L?1199
  C:1097H         SYMBOL        L?1200
  C:1098H         SYMBOL        L?1201
  C:10A1H         SYMBOL        L?1202
  C:10A1H         SYMBOL        L?1203
  C:10A5H         SYMBOL        L?1204
  C:10ADH         SYMBOL        L?1205
  C:10BFH         SYMBOL        L?1206
  C:10C8H         SYMBOL        L?1207
  C:10D2H         SYMBOL        L?1208
  C:10D6H         SYMBOL        L?1209
  C:10DFH         SYMBOL        L?1210
  C:10E7H         SYMBOL        L?1211
  C:10EBH         SYMBOL        L?1212
  C:10F3H         SYMBOL        L?1214
  C:10F3H         SYMBOL        L?1215
  C:10F6H         SYMBOL        L?1216
  C:10FDH         SYMBOL        L?1221
  C:10FEH         SYMBOL        L?1222
  C:10FFH         SYMBOL        L?1223
  C:1108H         SYMBOL        L?1224
  C:110EH         SYMBOL        L?1225
  C:1121H         SYMBOL        L?1226
  C:1121H         SYMBOL        L?1227
  C:1127H         SYMBOL        L?1228
  C:1131H         SYMBOL        L?1229
  C:1131H         SYMBOL        L?1230
  C:1133H         SYMBOL        L?1231
  C:113CH         SYMBOL        L?1233
  C:114CH         SYMBOL        L?1234
  C:1158H         SYMBOL        L?1235
  C:1164H         SYMBOL        L?1236
  C:116CH         SYMBOL        L?1238
  C:1177H         SYMBOL        L?1239
BL51 BANKED LINKER/LOCATER V6.00                                                      08/08/2008  18:32:02  PAGE 17


  C:117FH         SYMBOL        L?1240
  C:117FH         SYMBOL        L?1241
  C:1189H         SYMBOL        L?1242
  C:119BH         SYMBOL        L?1243
  C:11A5H         SYMBOL        L?1246
  C:11AEH         SYMBOL        L?1251
  C:11AEH         SYMBOL        L?1252
  C:11BFH         SYMBOL        L?1253
  C:11BFH         SYMBOL        L?1254
  C:11C3H         SYMBOL        L?1255
  C:11CAH         SYMBOL        L?1256
  C:11D0H         SYMBOL        L?1257
  C:11D2H         SYMBOL        L?1258
  C:11DBH         SYMBOL        L?1259
  C:11E1H         SYMBOL        L?1260
  C:11E3H         SYMBOL        L?1261
  C:11ECH         SYMBOL        L?1262
  C:11ECH         SYMBOL        L?1263
  C:11F0H         SYMBOL        L?1264
  C:11F8H         SYMBOL        L?1265
  C:11F8H         SYMBOL        L?1266
  C:11FAH         SYMBOL        L?1267
  C:1202H         SYMBOL        L?1269
  C:1204H         SYMBOL        L?1270
  C:120BH         SYMBOL        L?1272
  C:1212H         SYMBOL        L?1274
  C:1212H         SYMBOL        L?1275
  C:1216H         SYMBOL        L?1276
  C:121DH         SYMBOL        L?1277
  C:121FH         SYMBOL        L?1278
  C:122CH         SYMBOL        L?1280
  C:1243H         SYMBOL        L?1281
  C:1247H         SYMBOL        L?1282
  C:1250H         SYMBOL        L?1285
  C:1252H         SYMBOL        L?1286
  C:125EH         SYMBOL        L?1287
  C:1260H         SYMBOL        L?1288
  C:126CH         SYMBOL        L?1289
  C:1274H         SYMBOL        L?1290
  C:127DH         SYMBOL        L?1297
  C:127DH         SYMBOL        L?1298
  C:1284H         SYMBOL        L?1299
  C:1288H         SYMBOL        L?1300
  C:1292H         SYMBOL        L?1301
  C:1296H         SYMBOL        L?1302
  C:12A0H         SYMBOL        L?1303
  C:12A0H         SYMBOL        L?1304
  C:12A9H         SYMBOL        L?1306
  C:12A9H         SYMBOL        L?1307
  C:12B2H         SYMBOL        L?1308
  C:12C5H         SYMBOL        L?1310
  C:12C5H         SYMBOL        L?1311
  C:12D0H         SYMBOL        L?1312
  C:12D5H         SYMBOL        L?1313
  C:12DCH         SYMBOL        L?1314
  C:12DCH         SYMBOL        L?1315
  C:12E7H         SYMBOL        L?1317
BL51 BANKED LINKER/LOCATER V6.00                                                      08/08/2008  18:32:02  PAGE 18


  C:12F8H         SYMBOL        L?1318
  C:12F8H         SYMBOL        L?1319
  C:12FFH         SYMBOL        L?1320
  C:130FH         SYMBOL        L?1321
  C:130FH         SYMBOL        L?1322
  C:1317H         SYMBOL        L?1323
  C:1317H         SYMBOL        L?1324
  C:131EH         SYMBOL        L?1325
  C:1325H         SYMBOL        L?1326
  C:1331H         SYMBOL        L?1333
  C:1340H         SYMBOL        L?1334
  C:134EH         SYMBOL        L?1335
  C:135CH         SYMBOL        L?1336
  C:136AH         SYMBOL        L?1337
  C:136AH         SYMBOL        L?1338
  C:1373H         SYMBOL        L?1339
  C:1377H         SYMBOL        L?1340
  C:137EH         SYMBOL        L?1341
  C:138CH         SYMBOL        L?1342
  C:138CH         SYMBOL        L?1343
  C:1395H         SYMBOL        L?1344
  C:1396H         SYMBOL        L?1345
  C:139DH         SYMBOL        L?1350
  C:13AAH         SYMBOL        L?1351
  C:13AAH         SYMBOL        L?1352
  C:13B1H         SYMBOL        L?1353
  C:13B8H         SYMBOL        L?1354
  C:13B8H         SYMBOL        L?1355
  C:13BFH         SYMBOL        L?1356
  C:13BFH         SYMBOL        L?1357
  C:13C6H         SYMBOL        L?1358
  C:13C6H         SYMBOL        L?1359
  C:13CDH         SYMBOL        L?1360
  C:13DAH         SYMBOL        L?1363
  C:13DAH         SYMBOL        L?1364
  C:13E1H         SYMBOL        L?1365
  C:13E1H         SYMBOL        L?1366
  C:13E9H         SYMBOL        L?1367
  C:13F5H         SYMBOL        L?1368
  C:1401H         SYMBOL        L?1369
  C:140DH         SYMBOL        L?1370
  C:140DH         SYMBOL        L?1371
  C:1414H         SYMBOL        L?1372
  C:1414H         SYMBOL        L?1373
  C:141CH         SYMBOL        L?1374
  C:1428H         SYMBOL        L?1375
  C:1428H         SYMBOL        L?1376
  C:142FH         SYMBOL        L?1377
  C:143BH         SYMBOL        L?1378
  C:1447H         SYMBOL        L?1390
  C:144FH         SYMBOL        L?1391
  C:145AH         SYMBOL        L?1392
  C:1465H         SYMBOL        L?1394
  C:1465H         SYMBOL        L?1395
  C:146CH         SYMBOL        L?1396
  C:1476H         SYMBOL        L?1398
  C:1476H         SYMBOL        L?1399
BL51 BANKED LINKER/LOCATER V6.00                                                      08/08/2008  18:32:02  PAGE 19


  C:147DH         SYMBOL        L?1400
  C:1487H         SYMBOL        L?1401
  C:1491H         SYMBOL        L?1402
  C:149BH         SYMBOL        L?1403
  C:14A5H         SYMBOL        L?1404
  C:14AFH         SYMBOL        L?1405
  C:14B9H         SYMBOL        L?1406
  C:14C3H         SYMBOL        L?1407
  C:14C3H         SYMBOL        L?1408
  C:14CAH         SYMBOL        L?1409
  C:14D1H         SYMBOL        L?1410
  C:14D1H         SYMBOL        L?1411
  C:14D8H         SYMBOL        L?1412
  C:14D8H         SYMBOL        L?1413
  C:14DFH         SYMBOL        L?1414
  C:14E9H         SYMBOL        L?1415
  C:14F3H         SYMBOL        L?1416
  -------         PROC          COM049B
  -------         ENDPROC       COM049B
  -------         PROC          _DELAY
  D:0006H         SYMBOL        det
  C:000EH         LINE#         484
  C:000EH         LINE#         485
  C:000EH         LINE#         486
  C:0018H         LINE#         487
  -------         ENDPROC       _DELAY
  -------         PROC          DELAY_PW
  C:4E27H         LINE#         492
  C:4E27H         LINE#         493
  C:4E27H         LINE#         494
  C:4E2EH         LINE#         495
  -------         ENDPROC       DELAY_PW
  -------         PROC          _DELAY_B20
  D:0007H         SYMBOL        n
  C:0003H         LINE#         500
  C:0003H         LINE#         501
  C:0003H         LINE#         502
  C:0009H         LINE#         503
  -------         ENDPROC       _DELAY_B20
  -------         PROC          TIME0_ISR
  C:4609H         LINE#         508
  C:4610H         LINE#         510
  C:4612H         LINE#         511
  C:4615H         LINE#         512
  C:4618H         LINE#         513
  C:461AH         LINE#         514
  C:4620H         LINE#         515
  C:4624H         LINE#         516
  C:4626H         LINE#         517
  C:462CH         LINE#         518
  C:462CH         LINE#         519
  C:4631H         LINE#         520
  C:4631H         LINE#         521
  C:4633H         LINE#         522
  C:463AH         LINE#         523
  C:463CH         LINE#         524
  C:463FH         LINE#         525
BL51 BANKED LINKER/LOCATER V6.00                                                      08/08/2008  18:32:02  PAGE 20


  C:4659H         LINE#         526
  C:4659H         LINE#         527
  C:465FH         LINE#         528
  C:4661H         LINE#         530
  C:4661H         LINE#         531
  C:4668H         LINE#         532
  C:4668H         LINE#         533
  C:466AH         LINE#         534
  C:466DH         LINE#         535
  C:4670H         LINE#         536
  C:4670H         LINE#         537
  C:4674H         LINE#         538
  C:4674H         LINE#         539
  C:4674H         LINE#         540
  -------         ENDPROC       TIME0_ISR
  -------         PROC          TIME1_ISR
  C:4B73H         LINE#         544
  C:4B7AH         LINE#         546
  C:4B7CH         LINE#         547
  C:4B7CH         LINE#         548
  C:4B7FH         LINE#         549
  C:4B81H         LINE#         550
  C:4B87H         LINE#         551
  C:4B8BH         LINE#         552
  C:4B94H         LINE#         553
  C:4B96H         LINE#         554
  C:4B9BH         LINE#         555
  C:4BA1H         LINE#         556
  -------         ENDPROC       TIME1_ISR
  -------         PROC          TIME_INIT
  C:17E4H         LINE#         560
  C:17E4H         LINE#         561
  C:17E4H         LINE#         562
  C:17E6H         LINE#         563
  C:17E8H         LINE#         564
  C:17EAH         LINE#         565
  C:17EDH         LINE#         566
  C:17F0H         LINE#         567
  C:17F3H         LINE#         568
  C:17F3H         LINE#         569
  C:17F6H         LINE#         570
  C:17F9H         LINE#         571
  C:17FBH         LINE#         572
  C:17FDH         LINE#         573
  -------         ENDPROC       TIME_INIT
  -------         PROC          CHK_BUSY
  C:4E09H         LINE#         590
  C:4E09H         LINE#         591
  C:4E09H         LINE#         592
  C:4E0CH         LINE#         593
  C:4E0EH         LINE#         594
  C:4E10H         LINE#         595
  C:4E12H         LINE#         596
  C:4E15H         LINE#         597
  C:4E17H         LINE#         598
  -------         ENDPROC       CHK_BUSY
  C:4DCDH         SYMBOL        L?1250
BL51 BANKED LINKER/LOCATER V6.00                                                      08/08/2008  18:32:02  PAGE 21


  -------         PROC          L?1249
  -------         ENDPROC       L?1249
  C:4DCDH         SYMBOL        L?1250
  -------         PROC          _WR_LCD
  D:0007H         SYMBOL        dat_comm
  D:0005H         SYMBOL        content
  C:4DD2H         LINE#         602
  C:4DD2H         LINE#         603
  C:4DD2H         LINE#         604
  C:4DD5H         LINE#         605
  C:4DDAH         LINE#         606
  C:4DDCH         LINE#         607
  C:4DDEH         LINE#         608
  C:4DE0H         LINE#         609
  C:4DE2H         LINE#         610
  -------         ENDPROC       _WR_LCD
  -------         PROC          CLRGDRAM
  -------         DO            
  D:0004H         SYMBOL        i
  D:0006H         SYMBOL        j
  -------         ENDDO         
  C:4C87H         LINE#         614
  C:4C87H         LINE#         615
  C:4C87H         LINE#         617
  C:4C89H         LINE#         618
  C:4C89H         LINE#         619
  C:4C8CH         LINE#         620
  C:4C93H         LINE#         621
  C:4C95H         LINE#         622
  C:4C98H         LINE#         623
  C:4C9AH         LINE#         624
  C:4CA5H         LINE#         625
  C:4CA9H         LINE#         626
  -------         ENDPROC       CLRGDRAM
  -------         PROC          CLEAR_DIS
  C:4E35H         LINE#         631
  C:4E35H         LINE#         632
  C:4E35H         LINE#         633
  C:4E38H         LINE#         634
  C:4E3DH         LINE#         635
  -------         ENDPROC       CLEAR_DIS
  -------         PROC          INIT_LCD
  C:37EEH         LINE#         641
  C:37EEH         LINE#         642
  C:37EEH         LINE#         643
  C:37F0H         LINE#         644
  C:37F3H         LINE#         645
  C:37F8H         LINE#         646
  C:37FDH         LINE#         647
  -------         ENDPROC       INIT_LCD
  -------         PROC          L?1332
  -------         ENDPROC       L?1332
  -------         PROC          _W1302
  D:0007H         SYMBOL        w_adder
  D:0005H         SYMBOL        w_data
  -------         DO            
  D:0006H         SYMBOL        d
BL51 BANKED LINKER/LOCATER V6.00                                                      08/08/2008  18:32:02  PAGE 22


  -------         ENDDO         
  C:4D2DH         LINE#         667
  C:4D2DH         LINE#         668
  C:4D2DH         LINE#         670
  C:4D33H         LINE#         671
  C:4D35H         LINE#         672
  C:4D35H         LINE#         673
  C:4D3AH         LINE#         674
  C:4D3AH         LINE#         675
  C:4D3AH         LINE#         676
  C:4D3AH         LINE#         677
  C:4D3AH         LINE#         678
  C:4D40H         LINE#         679
  C:4D44H         LINE#         680
  -------         ENDPROC       _W1302
  -------         PROC          _R1302
  D:0007H         SYMBOL        r_adder
  -------         DO            
  D:0006H         SYMBOL        d
  -------         ENDDO         
  C:4C33H         LINE#         685
  C:4C33H         LINE#         686
  C:4C33H         LINE#         687
  C:4C35H         LINE#         688
  C:4C3BH         LINE#         689
  C:4C3BH         LINE#         690
  C:4C3BH         LINE#         691
  C:4C3BH         LINE#         692
  C:4C3BH         LINE#         693
  C:4C3BH         LINE#         694
  C:4C3BH         LINE#         695
  C:4C41H         LINE#         696
  C:4C43H         LINE#         697
  C:4C44H         LINE#         698
  C:4C44H         LINE#         699
  C:4C46H         LINE#         700
  C:4C48H         LINE#         701
  C:4C4CH         LINE#         702
  C:4C4EH         LINE#         703
  C:4C54H         LINE#         704
  C:4C58H         LINE#         705
  C:4C5CH         LINE#         706
  C:4C5CH         LINE#         707
  -------         ENDPROC       _R1302
  -------         PROC          WDS1302_TIME_DATE
  C:4A4AH         LINE#         712
  C:4A4AH         LINE#         713
  C:4A4AH         LINE#         714
  C:4A4AH         LINE#         715
  C:4A4DH         LINE#         716
  C:4A56H         LINE#         717
  C:4A5FH         LINE#         718
  C:4A63H         LINE#         719
  C:4A6CH         LINE#         720
  C:4A77H         LINE#         721
  C:4A7AH         LINE#         722
  C:4A82H         LINE#         723
BL51 BANKED LINKER/LOCATER V6.00                                                      08/08/2008  18:32:02  PAGE 23


  -------         ENDPROC       WDS1302_TIME_DATE
  -------         PROC          INIT_WDS1302_RAM
  C:4983H         LINE#         730
  C:4983H         LINE#         731
  C:4983H         LINE#         732
  C:4983H         LINE#         733
  C:4986H         LINE#         734
  C:498DH         LINE#         735
  C:4994H         LINE#         736
  C:499BH         LINE#         737
  C:49A2H         LINE#         738
  C:49A9H         LINE#         739
  C:49B0H         LINE#         740
  C:49B7H         LINE#         741
  C:49BCH         LINE#         742
  C:49C0H         LINE#         743
  -------         ENDPROC       INIT_WDS1302_RAM
  -------         PROC          _WDS1302_DATA
  D:0003H         SYMBOL        adder
  D:0004H         SYMBOL        _data
  C:4DE3H         LINE#         747
  C:4DE7H         LINE#         748
  C:4DE7H         LINE#         749
  C:4DEEH         LINE#         750
  C:4DF2H         LINE#         751
  -------         ENDPROC       _WDS1302_DATA
  -------         PROC          RDS1302_DATE
  C:4D45H         LINE#         756
  C:4D45H         LINE#         757
  C:4D45H         LINE#         759
  C:4D4EH         LINE#         760
  C:4D57H         LINE#         761
  C:4D60H         LINE#         762
  C:4D65H         LINE#         763
  -------         ENDPROC       RDS1302_DATE
  -------         PROC          L?1397
  -------         ENDPROC       L?1397
  -------         PROC          RDS1302_TIME
  C:4BDAH         LINE#         767
  C:4BDAH         LINE#         768
  C:4BDAH         LINE#         769
  C:4BE3H         LINE#         770
  C:4BE8H         LINE#         771
  C:4BEDH         LINE#         772
  C:4BFEH         LINE#         774
  C:4BFEH         LINE#         775
  C:4C04H         LINE#         776
  C:4C04H         LINE#         777
  -------         ENDPROC       RDS1302_TIME
  -------         PROC          RDS1302_DATA
  C:4CFEH         LINE#         780
  C:4CFEH         LINE#         781
  C:4CFEH         LINE#         782
  C:4D05H         LINE#         783
  C:4D0EH         LINE#         784
  C:4D13H         LINE#         785
  C:4D1CH         LINE#         786
BL51 BANKED LINKER/LOCATER V6.00                                                      08/08/2008  18:32:02  PAGE 24


  C:4D21H         LINE#         787
  -------         ENDPROC       RDS1302_DATA
  -------         PROC          INIT_DS1302
  C:27F8H         LINE#         791
  C:27F8H         LINE#         792
  C:27F8H         LINE#         793
  C:27FBH         LINE#         794
  -------         ENDPROC       INIT_DS1302
  -------         PROC          INIT_DS18B20
  C:4D66H         LINE#         812
  C:4D66H         LINE#         813
  C:4D66H         LINE#         814
  C:4D68H         LINE#         815
  C:4D6AH         LINE#         816
  C:4D6FH         LINE#         817
  C:4D71H         LINE#         818
  C:4D76H         LINE#         819
  C:4D7BH         LINE#         820
  -------         ENDPROC       INIT_DS18B20
  -------         PROC          _SEND18B20_BYTE
  D:0005H         SYMBOL        data_send
  -------         DO            
  D:0003H         SYMBOL        d
  -------         ENDDO         
  C:4D80H         LINE#         825
  C:4D82H         LINE#         826
  C:4D82H         LINE#         827
  C:4D84H         LINE#         828
  C:4D84H         LINE#         829
  C:4D84H         LINE#         830
  C:4D86H         LINE#         831
  C:4D8AH         LINE#         832
  C:4D8FH         LINE#         833
  C:4D91H         LINE#         834
  C:4D95H         LINE#         835
  C:4D99H         LINE#         836
  -------         ENDPROC       _SEND18B20_BYTE
  -------         PROC          RECEIVE18B20
  -------         DO            
  D:0005H         SYMBOL        n
  D:0004H         SYMBOL        d
  -------         ENDDO         
  C:4C05H         LINE#         840
  C:4C05H         LINE#         841
  C:4C05H         LINE#         842
  C:4C07H         LINE#         843
  C:4C09H         LINE#         844
  C:4C09H         LINE#         845
  C:4C0EH         LINE#         846
  C:4C10H         LINE#         847
  C:4C1CH         LINE#         848
  C:4C1EH         LINE#         849
  C:4C21H         LINE#         850
  C:4C29H         LINE#         851
  C:4C2EH         LINE#         852
  C:4C32H         LINE#         853
  -------         ENDPROC       RECEIVE18B20
BL51 BANKED LINKER/LOCATER V6.00                                                      08/08/2008  18:32:02  PAGE 25


  -------         PROC          CONVERSION_T
  -------         DO            
  D:0005H         SYMBOL        save
  D:0007H         SYMBOL        save1
  -------         ENDDO         
  C:4000H         LINE#         857
  C:4000H         LINE#         858
  C:4000H         LINE#         859
  C:4003H         LINE#         860
  C:400CH         LINE#         861
  C:4021H         LINE#         862
  C:4023H         LINE#         863
  C:402CH         LINE#         864
  C:4037H         LINE#         865
  C:4044H         LINE#         866
  C:4052H         LINE#         867
  C:4064H         LINE#         868
  C:4067H         LINE#         869
  C:4069H         LINE#         870
  C:406BH         LINE#         871
  C:406DH         LINE#         872
  C:4079H         LINE#         873
  C:4079H         LINE#         874
  C:4091H         LINE#         875
  C:4092H         LINE#         876
  C:40A2H         LINE#         877
  C:40A2H         LINE#         878
  C:40BAH         LINE#         879
  C:40BBH         LINE#         880
  C:40C5H         LINE#         881
  -------         ENDPROC       CONVERSION_T
  -------         PROC          DS18B20_FUNC
  C:4BA6H         LINE#         886
  C:4BA6H         LINE#         887
  C:4BA6H         LINE#         888
  C:4BA8H         LINE#         889
  C:4BAAH         LINE#         890
  C:4BAFH         LINE#         891
  C:4BB2H         LINE#         892
  C:4BB7H         LINE#         893
  C:4BBCH         LINE#         894
  C:4BBFH         LINE#         895
  C:4BC2H         LINE#         896
  C:4BC7H         LINE#         897
  C:4BCCH         LINE#         898
  C:4BCFH         LINE#         899
  C:4BD2H         LINE#         900
  C:4BD4H         LINE#         901
  C:4BD6H         LINE#         902
  -------         ENDPROC       DS18B20_FUNC
  -------         PROC          _CON_DISP
  D:0006H         SYMBOL        data1
  D:0004H         SYMBOL        data2
  D:0003H         SYMBOL        x0
  D:0039H         SYMBOL        y0
  D:003AH         SYMBOL        xl
  D:003BH         SYMBOL        yl
BL51 BANKED LINKER/LOCATER V6.00                                                      08/08/2008  18:32:02  PAGE 26


  -------         DO            
  D:0001H         SYMBOL        i
  D:0002H         SYMBOL        j
  -------         ENDDO         
  C:4B03H         LINE#         919
  C:4B07H         LINE#         920
  C:4B07H         LINE#         922
  C:4B0FH         LINE#         923
  C:4B0FH         LINE#         924
  C:4B17H         LINE#         925
  C:4B17H         LINE#         926
  C:4B1AH         LINE#         927
  C:4B21H         LINE#         928
  C:4B23H         LINE#         929
  C:4B26H         LINE#         930
  C:4B2CH         LINE#         931
  C:4B31H         LINE#         932
  C:4B34H         LINE#         933
  C:4B37H         LINE#         934
  -------         ENDPROC       _CON_DISP
  -------         PROC          _DISPLAY_CNASC
  D:0004H         SYMBOL        dis_bit
  D:0006H         SYMBOL        num
  D:0037H         SYMBOL        cnasc
  C:4C5DH         LINE#         940
  C:4C67H         LINE#         941
  C:4C67H         LINE#         942
  C:4C6AH         LINE#         943
  C:4C6FH         LINE#         944
  C:4C75H         LINE#         945
  C:4C75H         LINE#         946
  C:4C7DH         LINE#         947
  C:4C83H         LINE#         948
  C:4C84H         LINE#         949
  C:4C86H         LINE#         950
  -------         ENDPROC       _DISPLAY_CNASC
  C:4365H         SYMBOL        L?1247
  C:436FH         SYMBOL        L?1379
  -------         PROC          DIS_TITLE
  C:42DAH         LINE#         955
  C:42DAH         LINE#         956
  C:42DAH         LINE#         957
  C:42E0H         LINE#         958
  C:42EEH         LINE#         959
  C:42F4H         LINE#         960
  C:42FDH         LINE#         961
  C:4306H         LINE#         962
  C:4314H         LINE#         963
  C:4321H         LINE#         964
  C:432DH         LINE#         965
  C:4339H         LINE#         966
  C:4344H         LINE#         967
  C:434FH         LINE#         968
  C:435AH         LINE#         969
  C:4365H         LINE#         970
  -------         ENDPROC       DIS_TITLE
  -------         PROC          DIS_TITLE_PIC
BL51 BANKED LINKER/LOCATER V6.00                                                      08/08/2008  18:32:02  PAGE 27


  C:4D9AH         LINE#         974
  C:4D9AH         LINE#         975
  C:4D9AH         LINE#         976
  C:4DA7H         LINE#         977
  -------         ENDPROC       DIS_TITLE_PIC
  C:497BH         SYMBOL        L?1393
  -------         PROC          DIS_TITLE_E
  C:493AH         LINE#         982
  C:493AH         LINE#         983
  C:493AH         LINE#         984
  C:4947H         LINE#         985
  C:494FH         LINE#         986
  C:495AH         LINE#         987
  C:4961H         LINE#         988
  C:496DH         LINE#         989
  C:497BH         LINE#         990
  -------         ENDPROC       DIS_TITLE_E
  -------         PROC          _ANTI_NOR_PIC
  D:0029H         SYMBOL        cpl_sign
  D:002AH         SYMBOL        menu_num
  -------         DO            
  D:0003H         SYMBOL        i
  D:0004H         SYMBOL        j
  D:002BH         SYMBOL        x
  D:002CH         SYMBOL        y
  -------         ENDDO         
  C:4180H         LINE#         995
  C:4184H         LINE#         996
  C:4184H         LINE#         998
  C:418CH         LINE#         999
  C:4193H         LINE#         1000
  C:419FH         LINE#         1001
  C:41A2H         LINE#         1002
  C:41BEH         LINE#         1003
  C:41C0H         LINE#         1004
  C:41C0H         LINE#         1005
  C:41C2H         LINE#         1006
  C:41C2H         LINE#         1007
  C:41C5H         LINE#         1008
  C:41CDH         LINE#         1009
  C:41D2H         LINE#         1010
  C:41D5H         LINE#         1011
  C:41DBH         LINE#         1012
  C:41DBH         LINE#         1013
  C:41E5H         LINE#         1014
  C:41E9H         LINE#         1015
  C:41EBH         LINE#         1017
  C:41EBH         LINE#         1018
  C:41FAH         LINE#         1019
  C:4203H         LINE#         1020
  C:4203H         LINE#         1021
  C:4209H         LINE#         1022
  C:420BH         LINE#         1023
  C:4220H         LINE#         1024
  C:4226H         LINE#         1025
  -------         ENDPROC       _ANTI_NOR_PIC
  -------         PROC          _DIS_RUN_STATE
BL51 BANKED LINKER/LOCATER V6.00                                                      08/08/2008  18:32:02  PAGE 28


  D:0035H         SYMBOL        cpl
  D:0036H         SYMBOL        x0
  D:0003H         SYMBOL        y0
  D:0038H         SYMBOL        state_num
  -------         DO            
  D:0006H         SYMBOL        j
  -------         ENDDO         
  C:48EFH         LINE#         1032
  C:48F3H         LINE#         1033
  C:48F3H         LINE#         1035
  C:48F5H         LINE#         1036
  C:48F5H         LINE#         1037
  C:48F8H         LINE#         1038
  C:48FEH         LINE#         1039
  C:4900H         LINE#         1040
  C:4903H         LINE#         1041
  C:4909H         LINE#         1042
  C:4909H         LINE#         1043
  C:4912H         LINE#         1044
  C:4916H         LINE#         1045
  C:4918H         LINE#         1047
  C:4918H         LINE#         1048
  C:4926H         LINE#         1049
  C:492DH         LINE#         1050
  C:492DH         LINE#         1051
  C:4933H         LINE#         1052
  -------         ENDPROC       _DIS_RUN_STATE
  C:4A30H         SYMBOL        L?1271
  -------         PROC          _DIS_MENU_KEY
  D:0035H         SYMBOL        d
  C:4A09H         LINE#         1058
  C:4A0BH         LINE#         1059
  C:4A0BH         LINE#         1060
  C:4A11H         LINE#         1061
  C:4A11H         LINE#         1062
  C:4A13H         LINE#         1063
  C:4A21H         LINE#         1064
  C:4A21H         LINE#         1066
  C:4A21H         LINE#         1067
  C:4A24H         LINE#         1068
  C:4A2FH         LINE#         1069
  C:4A2FH         LINE#         1070
  -------         ENDPROC       _DIS_MENU_KEY
  C:3F12H         SYMBOL        L?1327
  -------         PROC          DIS_MODE3
  -------         DO            
  D:0004H         SYMBOL        i
  D:0006H         SYMBOL        j
  D:0031H         SYMBOL        h
  D:0032H         SYMBOL        l
  D:0033H         SYMBOL        x_0
  D:0034H         SYMBOL        y_0
  -------         ENDDO         
  C:3E38H         LINE#         1076
  C:3E38H         LINE#         1077
  C:3E38H         LINE#         1078
  C:3E3EH         LINE#         1079
BL51 BANKED LINKER/LOCATER V6.00                                                      08/08/2008  18:32:02  PAGE 29


  C:3E40H         LINE#         1080
  C:3E43H         LINE#         1081
  C:3E45H         LINE#         1082
  C:3E45H         LINE#         1083
  C:3E47H         LINE#         1084
  C:3E47H         LINE#         1085
  C:3E4AH         LINE#         1086
  C:3E51H         LINE#         1087
  C:3E53H         LINE#         1088
  C:3E56H         LINE#         1089
  C:3E5CH         LINE#         1090
  C:3E67H         LINE#         1091
  C:3E75H         LINE#         1092
  C:3E7AH         LINE#         1093
  C:3E85H         LINE#         1094
  C:3E93H         LINE#         1095
  C:3EA1H         LINE#         1096
  C:3EA7H         LINE#         1097
  C:3EADH         LINE#         1098
  C:3EAFH         LINE#         1099
  C:3EB2H         LINE#         1100
  C:3EB8H         LINE#         1101
  C:3EC4H         LINE#         1102
  C:3ED0H         LINE#         1103
  C:3ED3H         LINE#         1104
  C:3EDCH         LINE#         1105
  C:3EE5H         LINE#         1106
  C:3EFAH         LINE#         1107
  C:3F0DH         LINE#         1108
  C:3F12H         LINE#         1109
  -------         ENDPROC       DIS_MODE3
  C:4848H         SYMBOL        L?1328
  -------         PROC          MODE1_2_UNION
  -------         DO            
  D:0033H         SYMBOL        x
  -------         ENDDO         
  C:4800H         LINE#         1115
  C:4800H         LINE#         1116
  C:4800H         LINE#         1117
  C:4803H         LINE#         1118
  C:4810H         LINE#         1119
  C:4819H         LINE#         1120
  C:4824H         LINE#         1121
  C:4835H         LINE#         1122
  C:4843H         LINE#         1123
  C:4848H         LINE#         1124
  -------         ENDPROC       MODE1_2_UNION
  C:45F3H         SYMBOL        L?1291
  C:4600H         SYMBOL        L?1346
  -------         PROC          _DIS_DATE_MODE2
  D:0031H         SYMBOL        d
  -------         DO            
  D:0032H         SYMBOL        save
  -------         ENDDO         
  C:4596H         LINE#         1128
  C:4598H         LINE#         1129
  C:4598H         LINE#         1131
BL51 BANKED LINKER/LOCATER V6.00                                                      08/08/2008  18:32:02  PAGE 30


  C:45A3H         LINE#         1132
  C:45AEH         LINE#         1133
  C:45BEH         LINE#         1134
  C:45C6H         LINE#         1135
  C:45C9H         LINE#         1136
  C:45C9H         LINE#         1137
  C:45D0H         LINE#         1138
  C:45D5H         LINE#         1139
  C:45D5H         LINE#         1140
  C:45DDH         LINE#         1141
  C:45E2H         LINE#         1142
  C:45E2H         LINE#         1143
  C:45F3H         LINE#         1144
  -------         ENDPROC       _DIS_DATE_MODE2
  -------         PROC          _NUM2_ASC_DIS
  D:0031H         SYMBOL        num
  D:0006H         SYMBOL        x_0
  -------         DO            
  D:0004H         SYMBOL        i
  D:0032H         SYMBOL        y_0
  -------         ENDDO         
  C:47B6H         LINE#         1147
  C:47BAH         LINE#         1148
  C:47BAH         LINE#         1149
  C:47BDH         LINE#         1150
  C:47BFH         LINE#         1151
  C:47BFH         LINE#         1152
  C:47C6H         LINE#         1153
  C:47CDH         LINE#         1154
  C:47CFH         LINE#         1155
  C:47D2H         LINE#         1156
  C:47DFH         LINE#         1157
  C:47EBH         LINE#         1158
  C:47F5H         LINE#         1159
  C:47F9H         LINE#         1160
  -------         ENDPROC       _NUM2_ASC_DIS
  C:43F0H         SYMBOL        L?1248
  C:4402H         SYMBOL        L?1329
  -------         PROC          DIS_TIME_MODE2
  -------         DO            
  D:0001H         SYMBOL        h
  D:0002H         SYMBOL        l
  -------         ENDDO         
  C:4377H         LINE#         1164
  C:4377H         LINE#         1165
  C:4377H         LINE#         1167
  C:4382H         LINE#         1168
  C:4382H         LINE#         1169
  C:4384H         LINE#         1170
  C:4384H         LINE#         1171
  C:4386H         LINE#         1172
  C:438EH         LINE#         1173
  C:438EH         LINE#         1174
  C:4399H         LINE#         1175
  C:4399H         LINE#         1176
  C:439BH         LINE#         1177
  C:439BH         LINE#         1178
BL51 BANKED LINKER/LOCATER V6.00                                                      08/08/2008  18:32:02  PAGE 31


  C:439DH         LINE#         1179
  C:43A5H         LINE#         1180
  C:43A5H         LINE#         1181
  C:43B0H         LINE#         1182
  C:43B0H         LINE#         1183
  C:43B8H         LINE#         1184
  C:43BCH         LINE#         1185
  C:43C3H         LINE#         1186
  C:43CAH         LINE#         1187
  C:43CAH         LINE#         1188
  C:43CDH         LINE#         1189
  C:43CDH         LINE#         1190
  C:43D2H         LINE#         1191
  C:43DEH         LINE#         1192
  C:43E3H         LINE#         1193
  C:43EFH         LINE#         1194
  C:43EFH         LINE#         1195
  -------         ENDPROC       DIS_TIME_MODE2
  -------         PROC          DIS_MODE2
  C:4DB4H         LINE#         1199
  C:4DB4H         LINE#         1200
  C:4DB4H         LINE#         1201
  C:4DB9H         LINE#         1202
  C:4DC6H         LINE#         1203
  C:4DC9H         LINE#         1204
  -------         ENDPROC       DIS_MODE2
  C:458EH         SYMBOL        L?1380
  -------         PROC          DIS_DATE_MODE1
  -------         DO            
  D:0031H         SYMBOL        save
  -------         ENDDO         
  C:451BH         LINE#         1209
  C:451BH         LINE#         1210
  C:451BH         LINE#         1212
  C:4524H         LINE#         1213
  C:452DH         LINE#         1214
  C:453AH         LINE#         1215
  C:4542H         LINE#         1216
  C:454FH         LINE#         1217
  C:4552H         LINE#         1218
  C:4552H         LINE#         1219
  C:455AH         LINE#         1220
  C:455DH         LINE#         1221
  C:4563H         LINE#         1222
  C:456BH         LINE#         1223
  C:4573H         LINE#         1224
  C:4576H         LINE#         1225
  C:457EH         LINE#         1226
  C:4583H         LINE#         1227
  C:4583H         LINE#         1228
  C:458BH         LINE#         1229
  C:458EH         LINE#         1230
  -------         ENDPROC       DIS_DATE_MODE1
  -------         PROC          DIS_TIME_MODE1
  -------         DO            
  D:0031H         SYMBOL        save
  -------         ENDDO         
BL51 BANKED LINKER/LOCATER V6.00                                                      08/08/2008  18:32:02  PAGE 32


  C:4A88H         LINE#         1234
  C:4A88H         LINE#         1235
  C:4A88H         LINE#         1237
  C:4A8DH         LINE#         1238
  C:4A8DH         LINE#         1239
  C:4A95H         LINE#         1240
  C:4A98H         LINE#         1241
  C:4A9EH         LINE#         1242
  C:4AA6H         LINE#         1243
  C:4AAEH         LINE#         1244
  C:4AB1H         LINE#         1245
  C:4AB9H         LINE#         1246
  C:4ABEH         LINE#         1247
  C:4ABEH         LINE#         1248
  -------         ENDPROC       DIS_TIME_MODE1
  C:415BH         SYMBOL        L?1217
  C:4172H         SYMBOL        L?1292
  -------         PROC          DIS_TEMP_MODE1
  -------         DO            
  D:0031H         SYMBOL        save
  -------         ENDDO         
  C:40C6H         LINE#         1253
  C:40C6H         LINE#         1254
  C:40C6H         LINE#         1256
  C:40CBH         LINE#         1257
  C:40CBH         LINE#         1258
  C:40D2H         LINE#         1259
  C:40D2H         LINE#         1260
  C:40DEH         LINE#         1261
  C:40E1H         LINE#         1262
  C:40E4H         LINE#         1263
  C:40EDH         LINE#         1264
  C:40F0H         LINE#         1265
  C:40F3H         LINE#         1266
  C:40F8H         LINE#         1267
  C:40FBH         LINE#         1268
  C:4108H         LINE#         1269
  C:4112H         LINE#         1270
  C:4114H         LINE#         1272
  C:4114H         LINE#         1273
  C:411FH         LINE#         1274
  C:412AH         LINE#         1275
  C:4131H         LINE#         1276
  C:4133H         LINE#         1277
  C:4136H         LINE#         1278
  C:4139H         LINE#         1279
  C:413EH         LINE#         1280
  C:4141H         LINE#         1281
  C:414BH         LINE#         1282
  C:414BH         LINE#         1283
  C:414DH         LINE#         1284
  C:415AH         LINE#         1285
  -------         ENDPROC       DIS_TEMP_MODE1
  -------         PROC          DIS_MODE1
  C:4E40H         LINE#         1290
  C:4E40H         LINE#         1291
  C:4E40H         LINE#         1292
BL51 BANKED LINKER/LOCATER V6.00                                                      08/08/2008  18:32:02  PAGE 33


  C:4E43H         LINE#         1293
  C:4E46H         LINE#         1294
  -------         ENDPROC       DIS_MODE1
  -------         PROC          NBA_DIS_TIME
  -------         DO            
  D:0031H         SYMBOL        d
  D:0032H         SYMBOL        dis
  -------         ENDDO         
  C:4679H         LINE#         1300
  C:4679H         LINE#         1301
  C:4679H         LINE#         1303
  C:467CH         LINE#         1304
  C:467CH         LINE#         1305
  C:4688H         LINE#         1306
  C:468FH         LINE#         1307
  C:469CH         LINE#         1308
  C:46A5H         LINE#         1309
  C:46B2H         LINE#         1310
  C:46B9H         LINE#         1311
  C:46B9H         LINE#         1312
  C:46BCH         LINE#         1313
  C:46C4H         LINE#         1314
  C:46CCH         LINE#         1315
  C:46CFH         LINE#         1316
  C:46DBH         LINE#         1317
  C:46E3H         LINE#         1318
  C:46E3H         LINE#         1319
  -------         ENDPROC       NBA_DIS_TIME
  C:2C3CH         SYMBOL        L?1417
  -------         PROC          KEYPAD_SCAN
  -------         DO            
  D:0006H         SYMBOL        key
  D:002FH         SYMBOL        dis
  -------         ENDDO         
  C:2A28H         LINE#         1335
  C:2A28H         LINE#         1336
  C:2A28H         LINE#         1338
  C:2A2BH         LINE#         1339
  C:2A33H         LINE#         1340
  C:2A33H         LINE#         1344
  C:2A3AH         LINE#         1345
  C:2A46H         LINE#         1346
  C:2A51H         LINE#         1351
  C:2A63H         LINE#         1352
  C:2A6AH         LINE#         1357
  C:2A6DH         LINE#         1358
  C:2A6DH         LINE#         1359
  C:2A75H         LINE#         1360
  C:2A7EH         LINE#         1361
  C:2A7EH         LINE#         1366
  C:2A8AH         LINE#         1367
  C:2A8AH         LINE#         1368
  C:2A8AH         LINE#         1369
  C:2A8DH         LINE#         1370
  C:2A90H         LINE#         1371
  C:2A90H         LINE#         1372
  C:2A93H         LINE#         1373
BL51 BANKED LINKER/LOCATER V6.00                                                      08/08/2008  18:32:02  PAGE 34


  C:2AA5H         LINE#         1374
  C:2AA7H         LINE#         1375
  C:2AAAH         LINE#         1376
  C:2AAAH         LINE#         1377
  C:2AB8H         LINE#         1378
  C:2ABBH         LINE#         1379
  C:2ABDH         LINE#         1381
  C:2ABDH         LINE#         1382
  C:2AC0H         LINE#         1383
  C:2AD0H         LINE#         1384
  C:2AD0H         LINE#         1385
  C:2AD3H         LINE#         1386
  C:2AD5H         LINE#         1387
  C:2AD5H         LINE#         1392
  C:2AD8H         LINE#         1393
  C:2AD8H         LINE#         1394
  C:2ADBH         LINE#         1395
  C:2ADBH         LINE#         1396
  C:2AE2H         LINE#         1397
  C:2AE5H         LINE#         1398
  C:2AE5H         LINE#         1399
  C:2AE9H         LINE#         1400
  C:2AEEH         LINE#         1401
  C:2AEEH         LINE#         1402
  C:2AF1H         LINE#         1403
  C:2AF9H         LINE#         1404
  C:2AFCH         LINE#         1405
  C:2AFCH         LINE#         1406
  C:2B05H         LINE#         1407
  C:2B07H         LINE#         1408
  C:2B0EH         LINE#         1409
  C:2B0EH         LINE#         1410
  C:2B0EH         LINE#         1416
  C:2B1AH         LINE#         1417
  C:2B1AH         LINE#         1418
  C:2B21H         LINE#         1419
  C:2B21H         LINE#         1420
  C:2B28H         LINE#         1421
  C:2B28H         LINE#         1422
  C:2B2FH         LINE#         1423
  C:2B2FH         LINE#         1424
  C:2B36H         LINE#         1425
  C:2B3DH         LINE#         1426
  C:2B42H         LINE#         1427
  C:2B47H         LINE#         1428
  C:2B47H         LINE#         1434
  C:2B59H         LINE#         1435
  C:2B59H         LINE#         1437
  C:2B5CH         LINE#         1438
  C:2B5EH         LINE#         1439
  C:2B64H         LINE#         1440
  C:2B6CH         LINE#         1441
  C:2B6CH         LINE#         1447
  C:2B74H         LINE#         1448
  C:2B74H         LINE#         1449
  C:2B7FH         LINE#         1450
  C:2B8AH         LINE#         1451
BL51 BANKED LINKER/LOCATER V6.00                                                      08/08/2008  18:32:02  PAGE 35


  C:2B8FH         LINE#         1452
  C:2B8FH         LINE#         1453
  C:2B92H         LINE#         1454
  C:2B9BH         LINE#         1455
  C:2B9BH         LINE#         1456
  C:2B9EH         LINE#         1457
  C:2BAFH         LINE#         1458
  C:2BBAH         LINE#         1459
  C:2BBAH         LINE#         1460
  C:2BC8H         LINE#         1461
  C:2BC8H         LINE#         1462
  C:2BCAH         LINE#         1463
  C:2BCDH         LINE#         1464
  C:2BD6H         LINE#         1465
  C:2BD6H         LINE#         1466
  C:2BD9H         LINE#         1467
  C:2BD9H         LINE#         1468
  C:2BDBH         LINE#         1469
  C:2BE2H         LINE#         1470
  C:2BE2H         LINE#         1471
  C:2BE4H         LINE#         1472
  C:2BE4H         LINE#         1473
  C:2BE4H         LINE#         1474
  C:2BE6H         LINE#         1484
  C:2BEDH         LINE#         1485
  C:2BF4H         LINE#         1486
  C:2BFBH         LINE#         1487
  C:2BFDH         LINE#         1488
  C:2C07H         LINE#         1489
  C:2C0DH         LINE#         1490
  C:2C0DH         LINE#         1491
  C:2C16H         LINE#         1492
  C:2C1AH         LINE#         1493
  C:2C1AH         LINE#         1495
  C:2C1AH         LINE#         1496
  C:2C1DH         LINE#         1497
  C:2C1DH         LINE#         1498
  C:2C26H         LINE#         1499
  C:2C2AH         LINE#         1500
  C:2C2AH         LINE#         1501
  C:2C2CH         LINE#         1502
  C:2C33H         LINE#         1503
  C:2C33H         LINE#         1504
  C:2C3CH         LINE#         1505
  C:2C3CH         LINE#         1506
  -------         ENDPROC       KEYPAD_SCAN
  -------         PROC          GOTKEY
  -------         DO            
  D:0007H         SYMBOL        save
  D:002EH         SYMBOL        n
  -------         ENDDO         
  C:4852H         LINE#         1510
  C:4852H         LINE#         1511
  C:4852H         LINE#         1513
  C:4855H         LINE#         1514
  C:485AH         LINE#         1515
  C:4861H         LINE#         1516
BL51 BANKED LINKER/LOCATER V6.00                                                      08/08/2008  18:32:02  PAGE 36


  C:4864H         LINE#         1517
  C:4864H         LINE#         1518
  C:4866H         LINE#         1519
  C:4869H         LINE#         1520
  C:4869H         LINE#         1521
  C:486DH         LINE#         1522
  C:4872H         LINE#         1523
  C:4872H         LINE#         1524
  C:4874H         LINE#         1525
  C:4876H         LINE#         1526
  C:4876H         LINE#         1527
  C:487FH         LINE#         1528
  C:487FH         LINE#         1529
  C:4882H         LINE#         1530
  C:4888H         LINE#         1531
  C:488BH         LINE#         1532
  C:488BH         LINE#         1533
  C:4894H         LINE#         1534
  C:4897H         LINE#         1535
  C:489EH         LINE#         1536
  C:48A0H         LINE#         1537
  -------         ENDPROC       GOTKEY
  -------         PROC          _KEY_DIS
  D:002CH         SYMBOL        k
  C:4B3EH         LINE#         1554
  C:4B40H         LINE#         1555
  C:4B40H         LINE#         1556
  C:4B4BH         LINE#         1557
  C:4B52H         LINE#         1558
  C:4B65H         LINE#         1559
  C:4B72H         LINE#         1560
  -------         ENDPROC       _KEY_DIS
  -------         PROC          ENTER_DIS
  C:4DF8H         LINE#         1565
  C:4DF8H         LINE#         1566
  C:4DF8H         LINE#         1567
  C:4E02H         LINE#         1568
  -------         ENDPROC       ENTER_DIS
  -------         PROC          DIS_MENU
  -------         DO            
  D:0026H         SYMBOL        d
  D:0027H         SYMBOL        save
  D:0028H         SYMBOL        key
  -------         ENDDO         
  C:3C27H         LINE#         1574
  C:3C27H         LINE#         1575
  C:3C27H         LINE#         1577
  C:3C2AH         LINE#         1578
  C:3C2AH         LINE#         1579
  C:3C34H         LINE#         1580
  C:3C37H         LINE#         1581
  C:3C3DH         LINE#         1582
  C:3C43H         LINE#         1583
  C:3C45H         LINE#         1585
  C:3C45H         LINE#         1586
  C:3C48H         LINE#         1587
  C:3C4BH         LINE#         1588
BL51 BANKED LINKER/LOCATER V6.00                                                      08/08/2008  18:32:02  PAGE 37


  C:3C5BH         LINE#         1589
  C:3C62H         LINE#         1590
  C:3C62H         LINE#         1591
  C:3C67H         LINE#         1593
  C:3C67H         LINE#         1594
  C:3C6AH         LINE#         1595
  C:3C6AH         LINE#         1596
  C:3C77H         LINE#         1597
  C:3C81H         LINE#         1598
  C:3C8EH         LINE#         1599
  C:3C90H         LINE#         1601
  C:3C90H         LINE#         1602
  C:3C97H         LINE#         1603
  C:3C9EH         LINE#         1604
  C:3C9EH         LINE#         1605
  C:3CA1H         LINE#         1606
  C:3CA1H         LINE#         1607
  C:3CA1H         LINE#         1608
  C:3CA6H         LINE#         1609
  C:3CB4H         LINE#         1610
  C:3CB4H         LINE#         1611
  C:3CBAH         LINE#         1612
  C:3CBCH         LINE#         1613
  C:3CBCH         LINE#         1614
  C:3CBFH         LINE#         1615
  C:3CBFH         LINE#         1616
  C:3CC4H         LINE#         1617
  C:3CC4H         LINE#         1618
  C:3CCAH         LINE#         1619
  C:3CCCH         LINE#         1620
  C:3CCEH         LINE#         1621
  C:3CCEH         LINE#         1622
[...]
  D:0026H         SYMBOL        d
  D:0027H         SYMBOL        key
  D:0028H         SYMBOL        save
  -------         ENDDO         
  C:2E4FH         LINE#         3188
  C:2E4FH         LINE#         3189
  C:2E4FH         LINE#         3191
  C:2E5CH         LINE#         3192
  C:2E5FH         LINE#         3193
  C:2E69H         LINE#         3194
  C:2E72H         LINE#         3195
  C:2E77H         LINE#         3197
  C:2E77H         LINE#         3198
  C:2E81H         LINE#         3199
BL51 BANKED LINKER/LOCATER V6.00                                                      08/08/2008  18:32:02  PAGE 64


  C:2E98H         LINE#         3200
  C:2EA2H         LINE#         3201
  C:2EA5H         LINE#         3202
  C:2EA5H         LINE#         3203
  C:2EA5H         LINE#         3204
  C:2EAAH         LINE#         3205
  C:2EBAH         LINE#         3206
  C:2ECCH         LINE#         3207
  C:2EE1H         LINE#         3208
  C:2EE8H         LINE#         3209
  C:2EE8H         LINE#         3210
  C:2EF4H         LINE#         3211
  C:2EF4H         LINE#         3212
  C:2EF7H         LINE#         3213
  C:2EF9H         LINE#         3214
  C:2EF9H         LINE#         3215
  C:2F14H         LINE#         3216
  C:2F14H         LINE#         3217
  C:2F14H         LINE#         3218
  C:2F19H         LINE#         3219
  C:2F19H         LINE#         3220
  C:2F1DH         LINE#         3221
  C:2F24H         LINE#         3222
  C:2F2BH         LINE#         3223
  C:2F2DH         LINE#         3225
  C:2F39H         LINE#         3226
  C:2F40H         LINE#         3227
  C:2F42H         LINE#         3228
  C:2F44H         LINE#         3229
  C:2F44H         LINE#         3230
  C:2F49H         LINE#         3231
  C:2F49H         LINE#         3232
  C:2F4DH         LINE#         3233
  C:2F54H         LINE#         3234
  C:2F5CH         LINE#         3235
  C:2F5EH         LINE#         3236
  C:2F6AH         LINE#         3237
  C:2F6CH         LINE#         3238
  C:2F6CH         LINE#         3239
  C:2F79H         LINE#         3240
  C:2F7EH         LINE#         3241
  C:2F80H         LINE#         3242
  C:2F80H         LINE#         3243
  C:2F8DH         LINE#         3244
  C:2F92H         LINE#         3245
  C:2F94H         LINE#         3246
  C:2F94H         LINE#         3247
  C:2FA1H         LINE#         3248
  C:2FA6H         LINE#         3249
  C:2FA8H         LINE#         3250
  C:2FAFH         LINE#         3252
  C:2FAFH         LINE#         3253
  C:2FBCH         LINE#         3254
  C:2FC7H         LINE#         3255
  C:2FCAH         LINE#         3256
  C:2FCAH         LINE#         3257
  C:2FCCH         LINE#         3258
BL51 BANKED LINKER/LOCATER V6.00                                                      08/08/2008  18:32:02  PAGE 65


  -------         ENDPROC       SET_FUNC
  -------         PROC          PASSWORK_FINISH
  -------         DO            
  D:0007H         SYMBOL        i
  -------         ENDDO         
  C:4CB0H         LINE#         3274
  C:4CB0H         LINE#         3275
  C:4CB0H         LINE#         3277
  C:4CB8H         LINE#         3278
  C:4CB8H         LINE#         3279
  C:4CC5H         LINE#         3280
  C:4CD2H         LINE#         3281
  C:4CD6H         LINE#         3282
  -------         ENDPROC       PASSWORK_FINISH
  -------         PROC          INPUT_PASSWORK
  -------         DO            
  D:0029H         SYMBOL        i
  D:002AH         SYMBOL        save
  -------         ENDDO         
  C:474FH         LINE#         3287
  C:474FH         LINE#         3288
  C:474FH         LINE#         3290
  C:4752H         LINE#         3291
  C:475FH         LINE#         3292
  C:4762H         LINE#         3293
  C:4762H         LINE#         3294
  C:4762H         LINE#         3295
  C:4762H         LINE#         3296
  C:476CH         LINE#         3297
  C:477DH         LINE#         3298
  C:4784H         LINE#         3299
  C:4784H         LINE#         3300
  C:478BH         LINE#         3301
  C:479BH         LINE#         3302
  C:47A2H         LINE#         3303
  C:47AAH         LINE#         3304
  C:47B3H         LINE#         3305
  C:47B5H         LINE#         3306
  -------         ENDPROC       INPUT_PASSWORK
  C:27EEH         SYMBOL        L?1349
  -------         PROC          INPUT_SECOND_PASSWORK
  -------         DO            
  D:0029H         SYMBOL        i
  D:002AH         SYMBOL        save
  -------         ENDDO         
  C:271AH         LINE#         3311
  C:271AH         LINE#         3312
  C:271AH         LINE#         3314
  C:271DH         LINE#         3315
  C:2723H         LINE#         3316
  C:2726H         LINE#         3317
  C:2726H         LINE#         3318
  C:2730H         LINE#         3319
  C:2737H         LINE#         3320
  C:2747H         LINE#         3321
  C:274EH         LINE#         3322
  C:2756H         LINE#         3323
BL51 BANKED LINKER/LOCATER V6.00                                                      08/08/2008  18:32:02  PAGE 66


  C:275FH         LINE#         3324
  C:2765H         LINE#         3325
  C:2765H         LINE#         3326
  C:2772H         LINE#         3327
  C:2779H         LINE#         3328
  C:2780H         LINE#         3329
  C:278AH         LINE#         3331
  C:278AH         LINE#         3333
  C:278AH         LINE#         3334
  C:278DH         LINE#         3335
  C:2797H         LINE#         3336
  C:27A9H         LINE#         3337
  C:27B3H         LINE#         3338
  C:27C7H         LINE#         3339
  C:27CCH         LINE#         3340
  C:27D9H         LINE#         3341
  C:27E3H         LINE#         3343
  C:27EAH         LINE#         3344
  C:27EAH         LINE#         3345
  C:27EDH         LINE#         3346
  -------         ENDPROC       INPUT_SECOND_PASSWORK
  -------         PROC          PASSWORK_COMP
  -------         DO            
  D:0005H         SYMBOL        i
  -------         ENDDO         
  C:4AC6H         LINE#         3351
  C:4AC6H         LINE#         3352
  C:4AC6H         LINE#         3354
  C:4AC9H         LINE#         3355
  C:4AD1H         LINE#         3356
  C:4AE4H         LINE#         3357
  C:4AEAH         LINE#         3359
  C:4AEAH         LINE#         3360
  C:4AF7H         LINE#         3361
  C:4AFAH         LINE#         3362
  C:4B00H         LINE#         3363
  C:4B02H         LINE#         3364
  C:4B02H         LINE#         3365
  -------         ENDPROC       PASSWORK_COMP
  C:1A59H         SYMBOL        L?1198
  C:1A69H         SYMBOL        L?1213
  C:1A75H         SYMBOL        L?1219
  C:1A85H         SYMBOL        L?1245
  C:1A8FH         SYMBOL        L?1295
  C:1A99H         SYMBOL        L?1305
  C:1AA3H         SYMBOL        L?1385
  C:1AABH         SYMBOL        L?1386
  C:1AB3H         SYMBOL        L?1387
  C:1ABFH         SYMBOL        L?1388
  C:1AC7H         SYMBOL        L?1389
  C:1ACFH         SYMBOL        L?1420
  C:1AD6H         SYMBOL        L?1421
  -------         PROC          PASSW_FUNC
  -------         DO            
  D:0026H         SYMBOL        save
  D:0027H         SYMBOL        d
  D:0028H         SYMBOL        key
BL51 BANKED LINKER/LOCATER V6.00                                                      08/08/2008  18:32:02  PAGE 67


  -------         ENDDO         
  C:1800H         LINE#         3370
  C:1800H         LINE#         3371
  C:1800H         LINE#         3373
  C:1805H         LINE#         3375
  C:1805H         LINE#         3376
  C:1808H         LINE#         3377
  C:1815H         LINE#         3378
  C:1818H         LINE#         3379
  C:181EH         LINE#         3380
  C:1824H         LINE#         3382
  C:1824H         LINE#         3383
  C:1834H         LINE#         3384
  C:1841H         LINE#         3385
  C:1851H         LINE#         3386
  C:1854H         LINE#         3387
  C:1854H         LINE#         3388
  C:1854H         LINE#         3389
  C:1854H         LINE#         3390
  C:1865H         LINE#         3391
  C:1879H         LINE#         3392
  C:1890H         LINE#         3393
  C:1896H         LINE#         3394
  C:1896H         LINE#         3395
  C:18A4H         LINE#         3396
  C:18A4H         LINE#         3397
  C:18ACH         LINE#         3398
  C:18ACH         LINE#         3399
  C:18AFH         LINE#         3400
  C:18C1H         LINE#         3401
  C:18C1H         LINE#         3402
  C:18C1H         LINE#         3403
  C:18C1H         LINE#         3404
  C:18CAH         LINE#         3405
  C:18CAH         LINE#         3406
  C:18CAH         LINE#         3407
  C:18CAH         LINE#         3408
  C:18D1H         LINE#         3409
  C:18D1H         LINE#         3410
  C:18D7H         LINE#         3411
  C:18D7H         LINE#         3412
  C:18DDH         LINE#         3413
  C:18EBH         LINE#         3414
  C:18F8H         LINE#         3415
  C:18FAH         LINE#         3416
  C:1900H         LINE#         3417
  C:1902H         LINE#         3418
  C:1902H         LINE#         3419
  C:1902H         LINE#         3420
  C:1902H         LINE#         3421
  C:190EH         LINE#         3422
  C:1913H         LINE#         3423
  C:1913H         LINE#         3424
  C:1917H         LINE#         3425
  C:191DH         LINE#         3426
  C:191FH         LINE#         3427
  C:191FH         LINE#         3428
BL51 BANKED LINKER/LOCATER V6.00                                                      08/08/2008  18:32:02  PAGE 68


  C:1924H         LINE#         3429
  C:1924H         LINE#         3430
  C:1928H         LINE#         3431
  C:192EH         LINE#         3432
  C:1937H         LINE#         3433
  C:193EH         LINE#         3434
  C:193EH         LINE#         3435
  C:1941H         LINE#         3436
  C:1941H         LINE#         3437
  C:194FH         LINE#         3438
  C:1958H         LINE#         3439
  C:195BH         LINE#         3440
  C:195BH         LINE#         3441
  C:196BH         LINE#         3442
  C:196EH         LINE#         3443
  C:1977H         LINE#         3444
  C:1980H         LINE#         3445
  C:1982H         LINE#         3446
  C:1985H         LINE#         3447
  C:1987H         LINE#         3448
  C:1989H         LINE#         3449
  C:198BH         LINE#         3450
  C:198BH         LINE#         3451
  C:198BH         LINE#         3452
  C:198BH         LINE#         3453
  C:198BH         LINE#         3454
  C:198BH         LINE#         3455
  C:198BH         LINE#         3456
  C:198BH         LINE#         3457
  C:1995H         LINE#         3458
  C:199CH         LINE#         3459
  C:199CH         LINE#         3460
  C:199CH         LINE#         3461
  C:199CH         LINE#         3462
  C:19A3H         LINE#         3463
  C:19A3H         LINE#         3464
  C:19A9H         LINE#         3465
  C:19A9H         LINE#         3466
  C:19B6H         LINE#         3467
  C:19BCH         LINE#         3468
  C:19BCH         LINE#         3469
  C:19C3H         LINE#         3470
  C:19CAH         LINE#         3471
  C:19CDH         LINE#         3472
  C:19CFH         LINE#         3473
  C:19CFH         LINE#         3474
  C:19CFH         LINE#         3475
  C:19CFH         LINE#         3476
  C:19CFH         LINE#         3477
  C:19CFH         LINE#         3478
  C:19DDH         LINE#         3479
  C:19E6H         LINE#         3480
  C:19E6H         LINE#         3481
  C:19E6H         LINE#         3482
  C:19EBH         LINE#         3483
  C:19F1H         LINE#         3484
  C:19F1H         LINE#         3485
BL51 BANKED LINKER/LOCATER V6.00                                                      08/08/2008  18:32:02  PAGE 69


  C:19F4H         LINE#         3486
  C:19F7H         LINE#         3487
  C:19F7H         LINE#         3488
  C:1A00H         LINE#         3490
  C:1A00H         LINE#         3491
  C:1A00H         LINE#         3492
  C:1A05H         LINE#         3493
  C:1A0AH         LINE#         3494
  C:1A0FH         LINE#         3495
  C:1A0FH         LINE#         3496
  C:1A15H         LINE#         3497
  C:1A23H         LINE#         3498
  C:1A26H         LINE#         3499
  C:1A29H         LINE#         3500
  C:1A2CH         LINE#         3501
  C:1A39H         LINE#         3502
  C:1A3FH         LINE#         3503
  C:1A42H         LINE#         3504
  C:1A42H         LINE#         3505
  C:1A42H         LINE#         3506
  C:1A42H         LINE#         3507
  C:1A42H         LINE#         3508
  C:1A48H         LINE#         3509
  C:1A48H         LINE#         3510
  C:1A48H         LINE#         3511
  C:1A48H         LINE#         3512
  C:1A4EH         LINE#         3513
  C:1A4EH         LINE#         3514
  C:1A58H         LINE#         3515
  C:1A58H         LINE#         3516
  C:1A58H         LINE#         3517
  -------         ENDPROC       PASSW_FUNC
  C:37CEH         SYMBOL        L?1268
  C:37E1H         SYMBOL        L?1296
  -------         PROC          VERSION_FUNC
  -------         DO            
  D:0026H         SYMBOL        save
  D:0027H         SYMBOL        v
  -------         ENDDO         
  C:36F7H         LINE#         3531
  C:36F7H         LINE#         3532
  C:36F7H         LINE#         3533
  C:36FAH         LINE#         3534
  C:3704H         LINE#         3535
  C:3707H         LINE#         3537
  C:3707H         LINE#         3538
  C:3714H         LINE#         3539
  C:3722H         LINE#         3540
  C:373AH         LINE#         3541
  C:3746H         LINE#         3542
  C:374CH         LINE#         3543
  C:3752H         LINE#         3544
  C:375DH         LINE#         3545
  C:376BH         LINE#         3546
  C:3776H         LINE#         3547
  C:377BH         LINE#         3548
  C:3787H         LINE#         3549
BL51 BANKED LINKER/LOCATER V6.00                                                      08/08/2008  18:32:02  PAGE 70


  C:3787H         LINE#         3550
  C:3789H         LINE#         3551
  C:378CH         LINE#         3552
  C:378EH         LINE#         3553
  C:378EH         LINE#         3554
  C:379AH         LINE#         3555
  C:379AH         LINE#         3556
  C:379CH         LINE#         3557
  C:379FH         LINE#         3558
  C:37A1H         LINE#         3559
  C:37A1H         LINE#         3560
  C:37A7H         LINE#         3561
  C:37BDH         LINE#         3562
  C:37BDH         LINE#         3563
  C:37CAH         LINE#         3564
  C:37CDH         LINE#         3566
  C:37CDH         LINE#         3567
  C:37CDH         LINE#         3568
  -------         ENDPROC       VERSION_FUNC
  -------         PROC          MAIN
  -------         DO            
  D:0025H         SYMBOL        key
  -------         ENDDO         
  C:3AC6H         LINE#         3582
  C:3AC6H         LINE#         3583
  C:3AC6H         LINE#         3585
  C:3AC9H         LINE#         3586
  C:3AD3H         LINE#         3587
  C:3ADAH         LINE#         3588
  C:3AE1H         LINE#         3589
  C:3AE3H         LINE#         3590
  C:3AF0H         LINE#         3591
  C:3AFDH         LINE#         3592
  C:3B06H         LINE#         3593
  C:3B09H         LINE#         3594
  C:3B0CH         LINE#         3595
  C:3B0FH         LINE#         3596
  C:3B15H         LINE#         3597
  C:3B18H         LINE#         3598
  C:3B18H         LINE#         3599
  C:3B1BH         LINE#         3600
  C:3B1BH         LINE#         3601
  C:3B1EH         LINE#         3602
  C:3B25H         LINE#         3603
  C:3B25H         LINE#         3604
  C:3B25H         LINE#         3605
  C:3B27H         LINE#         3606
  C:3B29H         LINE#         3607
  C:3B2BH         LINE#         3608
  C:3B2EH         LINE#         3609
  C:3B3AH         LINE#         3610
  C:3B42H         LINE#         3611
  C:3B45H         LINE#         3613
  C:3B45H         LINE#         3614
  C:3B4AH         LINE#         3615
  C:3B4FH         LINE#         3616
  C:3B4FH         LINE#         3617
BL51 BANKED LINKER/LOCATER V6.00                                                      08/08/2008  18:32:02  PAGE 71


  C:3B51H         LINE#         3618
  C:3B53H         LINE#         3619
  C:3B56H         LINE#         3620
  C:3B59H         LINE#         3621
  C:3B66H         LINE#         3622
  C:3B6EH         LINE#         3623
  C:3B6EH         LINE#         3624
  C:3B6EH         LINE#         3625
  C:3B70H         LINE#         3626
  C:3B75H         LINE#         3627
  C:3B82H         LINE#         3628
  C:3B87H         LINE#         3629
  C:3B92H         LINE#         3630
  C:3B92H         LINE#         3631
  C:3B92H         LINE#         3632
  C:3B92H         LINE#         3633
  C:3B95H         LINE#         3634
  C:3B97H         LINE#         3635
  C:3B97H         LINE#         3636
  C:3B9FH         LINE#         3637
  C:3B9FH         LINE#         3638
  C:3BA4H         LINE#         3639
  C:3BA7H         LINE#         3641
  C:3BA7H         LINE#         3642
  C:3BA9H         LINE#         3643
  C:3BABH         LINE#         3644
  C:3BAEH         LINE#         3645
  C:3BB3H         LINE#         3646
  C:3BB6H         LINE#         3647
  C:3BBFH         LINE#         3648
  C:3BC5H         LINE#         3649
  C:3BC5H         LINE#         3650
  C:3BC5H         LINE#         3651
  C:3BC5H         LINE#         3652
  C:3BC8H         LINE#         3653
  C:3BCDH         LINE#         3654
  C:3BD3H         LINE#         3655
  C:3BD6H         LINE#         3656
  C:3BE5H         LINE#         3657
  C:3BE5H         LINE#         3658
  C:3BE8H         LINE#         3659
  C:3BEAH         LINE#         3660
  C:3BEDH         LINE#         3661
  C:3BEFH         LINE#         3662
  C:3BF2H         LINE#         3663
  C:3BF4H         LINE#         3664
  C:3BF7H         LINE#         3665
  C:3BF9H         LINE#         3666
  C:3BF9H         LINE#         3667
  C:3BF9H         LINE#         3668
  C:3BF9H         LINE#         3669
  C:3C03H         LINE#         3670
  C:3C0DH         LINE#         3671
  C:3C17H         LINE#         3673
  C:3C17H         LINE#         3674
  C:3C17H         LINE#         3675
  C:3C17H         LINE#         3676
BL51 BANKED LINKER/LOCATER V6.00                                                      08/08/2008  18:32:02  PAGE 72


  C:3C1AH         LINE#         3677
  C:3C1EH         LINE#         3678
  C:3C20H         LINE#         3679
  C:3C20H         LINE#         3680
  C:3C20H         LINE#         3681
  C:3C20H         LINE#         3682
  C:3C20H         LINE#         3683
  -------         ENDPROC       MAIN
  -------         ENDMOD        縚制系统

  -------         MODULE        ?C?COPY
  C:234EH         PUBLIC        ?C?COPY
  -------         ENDMOD        ?C?COPY

  -------         MODULE        ?C?CLDPTR
  C:2374H         PUBLIC        ?C?CLDPTR
  -------         ENDMOD        ?C?CLDPTR

  -------         MODULE        ?C?LADD
  C:238DH         PUBLIC        ?C?LADD
  -------         ENDMOD        ?C?LADD

  -------         MODULE        ?C?LMUL
  C:239AH         PUBLIC        ?C?LMUL
  -------         ENDMOD        ?C?LMUL

  -------         MODULE        ?C?ULDIV
  C:2425H         PUBLIC        ?C?ULDIV
  -------         ENDMOD        ?C?ULDIV

  -------         MODULE        ?C?ULCMP
  C:24B7H         PUBLIC        ?C?ULCMP
  -------         ENDMOD        ?C?ULCMP

  -------         MODULE        ?C?OFFXADD
  C:24C8H         PUBLIC        ?C?OFFXADD
  -------         ENDMOD        ?C?OFFXADD

  -------         MODULE        ?C?PLDIIDATA
  C:24D4H         PUBLIC        ?C?PLDIIDATA
  -------         ENDMOD        ?C?PLDIIDATA

Program Size: data=111.0 xdata=0 code=20024
LINK/LOCATE RUN COMPLETE.  0 WARNING(S),  0 ERROR(S)
